Archive member included because of file (symbol)

.\CortexM3\ARM_GCC_493\Release\Pinpoint.a(cyfitter_cfg.o)
                              .\CortexM3\ARM_GCC_493\Release\Cm3Start.o (cyfitter_cfg)
.\CortexM3\ARM_GCC_493\Release\Pinpoint.a(GPS.o)
                              .\CortexM3\ARM_GCC_493\Release\main.o (GPS_Start)
.\CortexM3\ARM_GCC_493\Release\Pinpoint.a(GPS_INT.o)
                              .\CortexM3\ARM_GCC_493\Release\Pinpoint.a(GPS.o) (GPS_RXISR)
.\CortexM3\ARM_GCC_493\Release\Pinpoint.a(GPS_TX.o)
                              .\CortexM3\ARM_GCC_493\Release\main.o (GPS_TX_SetDriveMode)
.\CortexM3\ARM_GCC_493\Release\Pinpoint.a(XB.o)
                              .\CortexM3\ARM_GCC_493\Release\main.o (XB_Start)
.\CortexM3\ARM_GCC_493\Release\Pinpoint.a(XB_INT.o)
                              .\CortexM3\ARM_GCC_493\Release\Pinpoint.a(XB.o) (XB_RXISR)
.\CortexM3\ARM_GCC_493\Release\Pinpoint.a(XB_TX.o)
                              .\CortexM3\ARM_GCC_493\Release\main.o (XB_TX_SetDriveMode)
.\CortexM3\ARM_GCC_493\Release\Pinpoint.a(PC.o)
                              .\CortexM3\ARM_GCC_493\Release\main.o (PC_Start)
.\CortexM3\ARM_GCC_493\Release\Pinpoint.a(PC_INT.o)
                              .\CortexM3\ARM_GCC_493\Release\Pinpoint.a(PC.o) (PC_RXISR)
.\CortexM3\ARM_GCC_493\Release\Pinpoint.a(PC_TX.o)
                              .\CortexM3\ARM_GCC_493\Release\main.o (PC_TX_SetDriveMode)
.\CortexM3\ARM_GCC_493\Release\Pinpoint.a(XB_IntClock.o)
                              .\CortexM3\ARM_GCC_493\Release\Pinpoint.a(XB.o) (XB_IntClock_Start)
.\CortexM3\ARM_GCC_493\Release\Pinpoint.a(PC_IntClock.o)
                              .\CortexM3\ARM_GCC_493\Release\Pinpoint.a(PC.o) (PC_IntClock_Start)
.\CortexM3\ARM_GCC_493\Release\Pinpoint.a(CyBootAsmGnu.o)
                              .\CortexM3\ARM_GCC_493\Release\Pinpoint.a(cyfitter_cfg.o) (CyDelayCycles)
.\CortexM3\ARM_GCC_493\Release\Pinpoint.a(CyLib.o)
                              .\CortexM3\ARM_GCC_493\Release\Cm3Start.o (CyHalt)
.\CortexM3\ARM_GCC_493\Release\Pinpoint.a(cyPm.o)
                              .\CortexM3\ARM_GCC_493\Release\Pinpoint.a(CyLib.o) (CyPmReadStatus)
.\CortexM3\ARM_GCC_493\Release\Pinpoint.a(GPS_CLK.o)
                              .\CortexM3\ARM_GCC_493\Release\main.o (GPS_CLK_Start)
.\CortexM3\ARM_GCC_493\Release\Pinpoint.a(Broadcast_Timer.o)
                              .\CortexM3\ARM_GCC_493\Release\main.o (Broadcast_Timer_ReadStatusRegister)
.\CortexM3\ARM_GCC_493\Release\Pinpoint.a(XB_Location_Broadcast.o)
                              .\CortexM3\ARM_GCC_493\Release\main.o (XB_Location_Broadcast_StartEx)
.\CortexM3\ARM_GCC_493\Release\Pinpoint.a(XB_RX_ISR.o)
                              .\CortexM3\ARM_GCC_493\Release\main.o (XB_RX_ISR_StartEx)
.\CortexM3\ARM_GCC_493\Release\Pinpoint.a(TFT.o)
                              .\CortexM3\ARM_GCC_493\Release\Adafruit_RA8875.o (TFT_WriteTxData)
.\CortexM3\ARM_GCC_493\Release\Pinpoint.a(TFT_IntClock.o)
                              .\CortexM3\ARM_GCC_493\Release\Pinpoint.a(TFT.o) (TFT_IntClock_Start)
.\CortexM3\ARM_GCC_493\Release\Pinpoint.a(TFT_ISR.o)
                              .\CortexM3\ARM_GCC_493\Release\main.o (TFT_ISR_StartEx)
.\CortexM3\ARM_GCC_493\Release\Pinpoint.a(TFT_RST_Control.o)
                              .\CortexM3\ARM_GCC_493\Release\Adafruit_RA8875.o (TFT_RST_Control_Write)
.\CortexM3\ARM_GCC_493\Release\Pinpoint.a(TFT_RST_Control_PM.o)
                              .\CortexM3\ARM_GCC_493\Release\Adafruit_RA8875.o (TFT_RST_Control_SaveConfig)
.\CortexM3\ARM_GCC_493\Release\Pinpoint.a(CyFlash.o)
                              .\CortexM3\ARM_GCC_493\Release\Pinpoint.a(cyPm.o) (CyFlash_SetWaitCycles)
.\CortexM3\ARM_GCC_493\Release\Pinpoint.a(CySpc.o)
                              .\CortexM3\ARM_GCC_493\Release\Pinpoint.a(CyFlash.o) (CySpcStart)
c:/program files (x86)/cypress/psoc creator/3.3/psoc creator/import/gnu/arm/4.9.3/bin/../lib/gcc/arm-none-eabi/4.9.3/../../../../arm-none-eabi/lib/armv7-m\libg_nano.a(lib_a-calloc.o)
                              .\CortexM3\ARM_GCC_493\Release\users.o (calloc)
c:/program files (x86)/cypress/psoc creator/3.3/psoc creator/import/gnu/arm/4.9.3/bin/../lib/gcc/arm-none-eabi/4.9.3/../../../../arm-none-eabi/lib/armv7-m\libg_nano.a(lib_a-errno.o)
                              .\CortexM3\ARM_GCC_493\Release\Cm3Start.o (__errno)
c:/program files (x86)/cypress/psoc creator/3.3/psoc creator/import/gnu/arm/4.9.3/bin/../lib/gcc/arm-none-eabi/4.9.3/../../../../arm-none-eabi/lib/armv7-m\libg_nano.a(lib_a-exit.o)
                              c:/program files (x86)/cypress/psoc creator/3.3/psoc creator/import/gnu/arm/4.9.3/bin/../lib/gcc/arm-none-eabi/4.9.3/../../../../arm-none-eabi/lib/armv7-m/crt0.o (exit)
c:/program files (x86)/cypress/psoc creator/3.3/psoc creator/import/gnu/arm/4.9.3/bin/../lib/gcc/arm-none-eabi/4.9.3/../../../../arm-none-eabi/lib/armv7-m\libg_nano.a(lib_a-impure.o)
[...]
Memory Configuration

Name             Origin             Length             Attributes
rom              0x00000000         0x00040000         xr
ram              0x1fff8000         0x00010000         xrw
*default*        0x00000000         0xffffffff

Linker script and memory map

LOAD c:/program files (x86)/cypress/psoc creator/3.3/psoc creator/import/gnu/arm/4.9.3/bin/../lib/gcc/arm-none-eabi/4.9.3/armv7-m/crti.o
LOAD c:/program files (x86)/cypress/psoc creator/3.3/psoc creator/import/gnu/arm/4.9.3/bin/../lib/gcc/arm-none-eabi/4.9.3/armv7-m/crtbegin.o
LOAD c:/program files (x86)/cypress/psoc creator/3.3/psoc creator/import/gnu/arm/4.9.3/bin/../lib/gcc/arm-none-eabi/4.9.3/../../../../arm-none-eabi/lib/armv7-m/crt0.o
START GROUP
LOAD .\CortexM3\ARM_GCC_493\Release\main.o
LOAD .\CortexM3\ARM_GCC_493\Release\nmea.o
LOAD .\CortexM3\ARM_GCC_493\Release\users.o
LOAD .\CortexM3\ARM_GCC_493\Release\Adafruit_RA8875.o
LOAD .\CortexM3\ARM_GCC_493\Release\glcdfont.o
LOAD .\CortexM3\ARM_GCC_493\Release\cymetadata.o
LOAD .\CortexM3\ARM_GCC_493\Release\Cm3Start.o
LOAD .\CortexM3\ARM_GCC_493\Release\Pinpoint.a
LOAD C:\Program Files (x86)\Cypress\PSoC Creator\3.3\PSoC Creator\psoc\content\cycomponentlibrary\CyComponentLibrary.cylib\CortexM3\ARM_GCC_493\Release\CyComponentLibrary.a
END GROUP
START GROUP
LOAD c:/program files (x86)/cypress/psoc creator/3.3/psoc creator/import/gnu/arm/4.9.3/bin/../lib/gcc/arm-none-eabi/4.9.3/armv7-m\libgcc.a
LOAD c:/program files (x86)/cypress/psoc creator/3.3/psoc creator/import/gnu/arm/4.9.3/bin/../lib/gcc/arm-none-eabi/4.9.3/../../../../arm-none-eabi/lib/armv7-m\libg_nano.a
LOAD c:/program files (x86)/cypress/psoc creator/3.3/psoc creator/import/gnu/arm/4.9.3/bin/../lib/gcc/arm-none-eabi/4.9.3/../../../../arm-none-eabi/lib/armv7-m\libc_nano.a
END GROUP
START GROUP
LOAD c:/program files (x86)/cypress/psoc creator/3.3/psoc creator/import/gnu/arm/4.9.3/bin/../lib/gcc/arm-none-eabi/4.9.3/armv7-m\libgcc.a
LOAD c:/program files (x86)/cypress/psoc creator/3.3/psoc creator/import/gnu/arm/4.9.3/bin/../lib/gcc/arm-none-eabi/4.9.3/../../../../arm-none-eabi/lib/armv7-m\libc_nano.a
END GROUP
LOAD c:/program files (x86)/cypress/psoc creator/3.3/psoc creator/import/gnu/arm/4.9.3/bin/../lib/gcc/arm-none-eabi/4.9.3/armv7-m/crtend.o
LOAD c:/program files (x86)/cypress/psoc creator/3.3/psoc creator/import/gnu/arm/4.9.3/bin/../lib/gcc/arm-none-eabi/4.9.3/armv7-m/crtn.o
START GROUP
LOAD c:/program files (x86)/cypress/psoc creator/3.3/psoc creator/import/gnu/arm/4.9.3/bin/../lib/gcc/arm-none-eabi/4.9.3/armv7-m\libgcc.a
LOAD c:/program files (x86)/cypress/psoc creator/3.3/psoc creator/import/gnu/arm/4.9.3/bin/../lib/gcc/arm-none-eabi/4.9.3/../../../../arm-none-eabi/lib/armv7-m\libc.a
LOAD c:/program files (x86)/cypress/psoc creator/3.3/psoc creator/import/gnu/arm/4.9.3/bin/../lib/gcc/arm-none-eabi/4.9.3/../../../../arm-none-eabi/lib/armv7-m\libnosys.a
END GROUP
                0x00000000                CY_APPL_ORIGIN = 0x0
                0x00000100                CY_FLASH_ROW_SIZE = 0x100
                0x00000020                CY_ECC_ROW_SIZE = 0x20
                0x00000000                CY_EE_IN_BTLDR = 0x0
                0x00000000                CY_APPL_LOADABLE = 0x0
                0x00000800                CY_EE_SIZE = 0x800
                0x00000001                CY_APPL_NUM = 0x1
                0x00000001                CY_APPL_MAX = 0x1
                0x00000040                CY_METADATA_SIZE = 0x40
                0x00000000                CY_APPL_LOADABLE = 0x0
                0x00000000                CY_CHECKSUM_EXCLUDE_SIZE = ALIGN (0x0, CY_FLASH_ROW_SIZE)
                0x1fff8b60                PROVIDE (__cy_heap_start, _end)
                0x00000001                PROVIDE (__cy_region_num, ((__cy_regions_end - __cy_regions) / 0x10))
                0x20008000                PROVIDE (__cy_stack, (ORIGIN (ram) + 0x10000))
                0x20007800                PROVIDE (__cy_heap_end, (__cy_stack - 0x800))

.cybootloader   0x00000000        0x0
 *(.cybootloader)
                0x00000000                appl1_start = CY_APPL_ORIGIN?CY_APPL_ORIGIN:ALIGN (CY_FLASH_ROW_SIZE)
                0x0001ff00                appl2_start = (appl1_start + ALIGN ((((0x40000 - appl1_start) - (0x2 * CY_FLASH_ROW_SIZE)) / 0x2), CY_FLASH_ROW_SIZE))
                0x00000000                appl_start = (CY_APPL_NUM == 0x1)?appl1_start:appl2_start
                0x00000000                ecc_offset = ((appl_start / CY_FLASH_ROW_SIZE) * CY_ECC_ROW_SIZE)
                0x00000000                ee_offset = (CY_APPL_LOADABLE && ! (CY_EE_IN_BTLDR))?((CY_EE_SIZE / CY_APPL_MAX) * (CY_APPL_NUM - 0x1)):0x0
                0x00000800                ee_size = (CY_APPL_LOADABLE && ! (CY_EE_IN_BTLDR))?(CY_EE_SIZE / CY_APPL_MAX):CY_EE_SIZE
                0x00000000                PROVIDE (CY_ECC_OFFSET, ecc_offset)

.text           0x00000000     0x4118
 CREATE_OBJECT_SYMBOLS
                0x00000000                PROVIDE (__cy_interrupt_vector, RomVectors)
 *(.romvectors)
 .romvectors    0x00000000       0x10 .\CortexM3\ARM_GCC_493\Release\Cm3Start.o
                0x00000000                RomVectors
                0x00000001                ASSERT ((. != __cy_interrupt_vector), No interrupt vector)
                0x00000001                ASSERT (CY_APPL_ORIGIN?(SIZEOF (.cybootloader) <= CY_APPL_ORIGIN):0x1, Wrong image location)
                0x00000010                PROVIDE (__cy_reset, Reset)
 *(.text.Reset)
 .text.Reset    0x00000010       0x18 .\CortexM3\ARM_GCC_493\Release\Cm3Start.o
                0x00000010                Reset
                0x00000001                ASSERT ((. != __cy_reset), No reset code)
 *(.dma_init)
                0x00000001                ASSERT ((((appl_start + .) <= 0x10000) || 0x1), DMA Init must be within the first 64k of flash)
 *(.text .text.* .gnu.linkonce.t.*)
 .text          0x00000028       0x5c c:/program files (x86)/cypress/psoc creator/3.3/psoc creator/import/gnu/arm/4.9.3/bin/../lib/gcc/arm-none-eabi/4.9.3/armv7-m/crtbegin.o
 .text.BRDCST_LOC
                0x00000084        0xc .\CortexM3\ARM_GCC_493\Release\main.o
                0x00000084                BRDCST_LOC
 .text.TFT_INTER
                0x00000090        0x2 .\CortexM3\ARM_GCC_493\Release\main.o
                0x00000090                TFT_INTER
 *fill*         0x00000092        0x2 
 .text.XBEE_RCV
                0x00000094       0x50 .\CortexM3\ARM_GCC_493\Release\main.o
                0x00000094                XBEE_RCV
 .text.GPS_FurtherInit
                0x000000e4       0x7c .\CortexM3\ARM_GCC_493\Release\main.o
                0x000000e4                GPS_FurtherInit
 .text.TFT_FurtherInit
                0x00000160      0x1b0 .\CortexM3\ARM_GCC_493\Release\main.o
                0x00000160                TFT_FurtherInit
 .text.logGPSdata
                0x00000310       0xc4 .\CortexM3\ARM_GCC_493\Release\main.o
                0x00000310                logGPSdata
 .text.broadcastPosition
                0x000003d4       0x58 .\CortexM3\ARM_GCC_493\Release\main.o
                0x000003d4                broadcastPosition
 .text.startup.main
                0x0000042c      0x104 .\CortexM3\ARM_GCC_493\Release\main.o
                0x0000042c                main
 .text.GPS_RXISR_ExitCallback
                0x00000530       0x44 .\CortexM3\ARM_GCC_493\Release\main.o
                0x00000530                GPS_RXISR_ExitCallback
 .text.PC_RXISR_ExitCallback
                0x00000574       0x40 .\CortexM3\ARM_GCC_493\Release\main.o
                0x00000574                PC_RXISR_ExitCallback
 .text.validateChecksum
                0x000005b4       0x4c .\CortexM3\ARM_GCC_493\Release\nmea.o
                0x000005b4                validateChecksum
 .text.parseNMEA
                0x00000600      0xf64 .\CortexM3\ARM_GCC_493\Release\nmea.o
                0x00000600                parseNMEA
 .text.Adafruit_RA8875_writeData
                0x00001564       0x14 .\CortexM3\ARM_GCC_493\Release\Adafruit_RA8875.o
                0x00001564                Adafruit_RA8875_writeData
 .text.Adafruit_RA8875_readData
                0x00001578       0x1a .\CortexM3\ARM_GCC_493\Release\Adafruit_RA8875.o
                0x00001578                Adafruit_RA8875_readData
 .text.Adafruit_RA8875_writeCommand
                0x00001592       0x14 .\CortexM3\ARM_GCC_493\Release\Adafruit_RA8875.o
                0x00001592                Adafruit_RA8875_writeCommand
 .text.Adafruit_RA8875_writeReg
                0x000015a6       0x12 .\CortexM3\ARM_GCC_493\Release\Adafruit_RA8875.o
                0x000015a6                Adafruit_RA8875_writeReg
 .text.Adafruit_RA8875_PLLinit
                0x000015b8       0x22 .\CortexM3\ARM_GCC_493\Release\Adafruit_RA8875.o
                0x000015b8                Adafruit_RA8875_PLLinit
 *fill*         0x000015da        0x2 
 .text.Adafruit_RA8875_initialize
                0x000015dc      0x100 .\CortexM3\ARM_GCC_493\Release\Adafruit_RA8875.o
                0x000015dc                Adafruit_RA8875_initialize
 .text.Adafruit_RA8875_GPIOX
                0x000016dc        0xc .\CortexM3\ARM_GCC_493\Release\Adafruit_RA8875.o
                0x000016dc                Adafruit_RA8875_GPIOX
 .text.Adafruit_RA8875_PWM1out
                0x000016e8        0x8 .\CortexM3\ARM_GCC_493\Release\Adafruit_RA8875.o
                0x000016e8                Adafruit_RA8875_PWM1out
 .text.Adafruit_RA8875_PWM1config
                0x000016f0       0x14 .\CortexM3\ARM_GCC_493\Release\Adafruit_RA8875.o
                0x000016f0                Adafruit_RA8875_PWM1config
 .text.Adafruit_RA8875_displayOn
                0x00001704        0xc .\CortexM3\ARM_GCC_493\Release\Adafruit_RA8875.o
                0x00001704                Adafruit_RA8875_displayOn
 .text.Adafruit_RA8875_drawPixel
                0x00001710       0x48 .\CortexM3\ARM_GCC_493\Release\Adafruit_RA8875.o
                0x00001710                Adafruit_RA8875_drawPixel
 .text.Adafruit_RA8875_readReg
                0x00001758        0xe .\CortexM3\ARM_GCC_493\Release\Adafruit_RA8875.o
                0x00001758                Adafruit_RA8875_readReg
 .text.Adafruit_RA8875_begin
                0x00001766       0x38 .\CortexM3\ARM_GCC_493\Release\Adafruit_RA8875.o
                0x00001766                Adafruit_RA8875_begin
 .text.Adafruit_RA8875_waitPoll
                0x0000179e       0x14 .\CortexM3\ARM_GCC_493\Release\Adafruit_RA8875.o
                0x0000179e                Adafruit_RA8875_waitPoll
 .text.Adafruit_RA8875_drawLine
                0x000017b2       0xba .\CortexM3\ARM_GCC_493\Release\Adafruit_RA8875.o
                0x000017b2                Adafruit_RA8875_drawLine
 .text.Adafruit_RA8875_drawFastVLine
                0x0000186c       0x12 .\CortexM3\ARM_GCC_493\Release\Adafruit_RA8875.o
                0x0000186c                Adafruit_RA8875_drawFastVLine
 .text.Adafruit_RA8875_circleHelper
                0x0000187e       0x96 .\CortexM3\ARM_GCC_493\Release\Adafruit_RA8875.o
                0x0000187e                Adafruit_RA8875_circleHelper
 .text.Adafruit_RA8875_drawCircle
                0x00001914        0xe .\CortexM3\ARM_GCC_493\Release\Adafruit_RA8875.o
                0x00001914                Adafruit_RA8875_drawCircle
 .text.Adafruit_RA8875_fillCircle
                0x00001922        0xe .\CortexM3\ARM_GCC_493\Release\Adafruit_RA8875.o
                0x00001922                Adafruit_RA8875_fillCircle
 .text.Adafruit_RA8875_rectHelper
                0x00001930       0xc8 .\CortexM3\ARM_GCC_493\Release\Adafruit_RA8875.o
                0x00001930                Adafruit_RA8875_rectHelper
 .text.Adafruit_RA8875_drawRect
                0x000019f8       0x1c .\CortexM3\ARM_GCC_493\Release\Adafruit_RA8875.o
                0x000019f8                Adafruit_RA8875_drawRect
 .text.Adafruit_RA8875_fillRect
                0x00001a14       0x1c .\CortexM3\ARM_GCC_493\Release\Adafruit_RA8875.o
                0x00001a14                Adafruit_RA8875_fillRect
 .text.Adafruit_RA8875_fillScreen
                0x00001a30       0x28 .\CortexM3\ARM_GCC_493\Release\Adafruit_RA8875.o
                0x00001a30                Adafruit_RA8875_fillScreen
 .text.Adafruit_RA8875_triangleHelper
                0x00001a58      0x108 .\CortexM3\ARM_GCC_493\Release\Adafruit_RA8875.o
                0x00001a58                Adafruit_RA8875_triangleHelper
 .text.Adafruit_RA8875_drawTriangle
                0x00001b60       0x20 .\CortexM3\ARM_GCC_493\Release\Adafruit_RA8875.o
                0x00001b60                Adafruit_RA8875_drawTriangle
 .text.Adafruit_RA8875_fillTriangle
                0x00001b80       0x20 .\CortexM3\ARM_GCC_493\Release\Adafruit_RA8875.o
                0x00001b80                Adafruit_RA8875_fillTriangle
 .text.Adafruit_RA8875_ellipseHelper
                0x00001ba0       0xc8 .\CortexM3\ARM_GCC_493\Release\Adafruit_RA8875.o
                0x00001ba0                Adafruit_RA8875_ellipseHelper
 .text.Adafruit_RA8875_drawEllipse
                0x00001c68       0x14 .\CortexM3\ARM_GCC_493\Release\Adafruit_RA8875.o
                0x00001c68                Adafruit_RA8875_drawEllipse
 .text.Adafruit_RA8875_fillEllipse
                0x00001c7c       0x14 .\CortexM3\ARM_GCC_493\Release\Adafruit_RA8875.o
                0x00001c7c                Adafruit_RA8875_fillEllipse
 .text.Adafruit_RA8875_curveHelper
                0x00001c90       0xd6 .\CortexM3\ARM_GCC_493\Release\Adafruit_RA8875.o
                0x00001c90                Adafruit_RA8875_curveHelper
 .text.Adafruit_RA8875_drawCurve
                0x00001d66       0x1a .\CortexM3\ARM_GCC_493\Release\Adafruit_RA8875.o
                0x00001d66                Adafruit_RA8875_drawCurve
 .text.Adafruit_RA8875_fillCurve
                0x00001d80       0x1a .\CortexM3\ARM_GCC_493\Release\Adafruit_RA8875.o
                0x00001d80                Adafruit_RA8875_fillCurve
 .text.Adafruit_RA8875_fillCircleHelper
                0x00001d9a      0x11e .\CortexM3\ARM_GCC_493\Release\Adafruit_RA8875.o
                0x00001d9a                Adafruit_RA8875_fillCircleHelper
 .text.Adafruit_RA8875_fillRoundRect
                0x00001eb8       0x78 .\CortexM3\ARM_GCC_493\Release\Adafruit_RA8875.o
                0x00001eb8                Adafruit_RA8875_fillRoundRect
 .text.IntDefaultHandler
                0x00001f30        0x2 .\CortexM3\ARM_GCC_493\Release\Cm3Start.o
                0x00001f30                IntDefaultHandler
 *fill*         0x00001f32        0x2 
 .text._sbrk    0x00001f34       0x30 .\CortexM3\ARM_GCC_493\Release\Cm3Start.o
                0x00001f34                _sbrk
 .text.Start_c  0x00001f64       0x50 .\CortexM3\ARM_GCC_493\Release\Cm3Start.o
                0x00001f64                Start_c
 .text.startup.initialize_psoc
                0x00001fb4       0x70 .\CortexM3\ARM_GCC_493\Release\Cm3Start.o
                0x00001fb4                initialize_psoc
 .text.cyfitter_cfg
                0x00002024      0x268 .\CortexM3\ARM_GCC_493\Release\Pinpoint.a(cyfitter_cfg.o)
                0x00002024                cyfitter_cfg
 .text.GPS_Init
                0x0000228c       0x5c .\CortexM3\ARM_GCC_493\Release\Pinpoint.a(GPS.o)
                0x0000228c                GPS_Init
 .text.GPS_Enable
                0x000022e8       0x4c .\CortexM3\ARM_GCC_493\Release\Pinpoint.a(GPS.o)
                0x000022e8                GPS_Enable
 .text.GPS_Start
                0x00002334       0x1c .\CortexM3\ARM_GCC_493\Release\Pinpoint.a(GPS.o)
                0x00002334                GPS_Start
 .text.GPS_GetChar
                0x00002350       0x74 .\CortexM3\ARM_GCC_493\Release\Pinpoint.a(GPS.o)
                0x00002350                GPS_GetChar
 .text.GPS_GetRxBufferSize
                0x000023c4       0x4c .\CortexM3\ARM_GCC_493\Release\Pinpoint.a(GPS.o)
                0x000023c4                GPS_GetRxBufferSize
 .text.GPS_ClearRxBuffer
                0x00002410       0x44 .\CortexM3\ARM_GCC_493\Release\Pinpoint.a(GPS.o)
                0x00002410                GPS_ClearRxBuffer
 .text.GPS_PutChar
                0x00002454       0x64 .\CortexM3\ARM_GCC_493\Release\Pinpoint.a(GPS.o)
                0x00002454                GPS_PutChar
 .text.GPS_PutString
                0x000024b8       0x24 .\CortexM3\ARM_GCC_493\Release\Pinpoint.a(GPS.o)
                0x000024b8                GPS_PutString
 .text.GPS_RXISR
                0x000024dc       0x7c .\CortexM3\ARM_GCC_493\Release\Pinpoint.a(GPS_INT.o)
                0x000024dc                GPS_RXISR
 .text.GPS_TXISR
                0x00002558       0x4c .\CortexM3\ARM_GCC_493\Release\Pinpoint.a(GPS_INT.o)
                0x00002558                GPS_TXISR
 .text.GPS_TX_SetDriveMode
                0x000025a4       0x18 .\CortexM3\ARM_GCC_493\Release\Pinpoint.a(GPS_TX.o)
                0x000025a4                GPS_TX_SetDriveMode
 .text.XB_Init  0x000025bc       0x58 .\CortexM3\ARM_GCC_493\Release\Pinpoint.a(XB.o)
                0x000025bc                XB_Init
 .text.XB_Enable
                0x00002614       0x54 .\CortexM3\ARM_GCC_493\Release\Pinpoint.a(XB.o)
                0x00002614                XB_Enable
 .text.XB_Start
                0x00002668       0x1c .\CortexM3\ARM_GCC_493\Release\Pinpoint.a(XB.o)
                0x00002668                XB_Start
 .text.XB_ReadRxData
                0x00002684       0x58 .\CortexM3\ARM_GCC_493\Release\Pinpoint.a(XB.o)
                0x00002684                XB_ReadRxData
 .text.XB_GetRxBufferSize
                0x000026dc       0x4c .\CortexM3\ARM_GCC_493\Release\Pinpoint.a(XB.o)
                0x000026dc                XB_GetRxBufferSize
 .text.XB_PutChar
                0x00002728       0x68 .\CortexM3\ARM_GCC_493\Release\Pinpoint.a(XB.o)
                0x00002728                XB_PutChar
 .text.XB_PutArray
                0x00002790       0x24 .\CortexM3\ARM_GCC_493\Release\Pinpoint.a(XB.o)
                0x00002790                XB_PutArray
 .text.XB_RXISR
                0x000027b4       0x7c .\CortexM3\ARM_GCC_493\Release\Pinpoint.a(XB_INT.o)
                0x000027b4                XB_RXISR
 .text.XB_TXISR
                0x00002830       0x4c .\CortexM3\ARM_GCC_493\Release\Pinpoint.a(XB_INT.o)
                0x00002830                XB_TXISR
 .text.XB_TX_SetDriveMode
                0x0000287c       0x18 .\CortexM3\ARM_GCC_493\Release\Pinpoint.a(XB_TX.o)
                0x0000287c                XB_TX_SetDriveMode
 .text.PC_Init  0x00002894       0x5c .\CortexM3\ARM_GCC_493\Release\Pinpoint.a(PC.o)
                0x00002894                PC_Init
 .text.PC_Enable
                0x000028f0       0x58 .\CortexM3\ARM_GCC_493\Release\Pinpoint.a(PC.o)
                0x000028f0                PC_Enable
 .text.PC_Start
                0x00002948       0x1c .\CortexM3\ARM_GCC_493\Release\Pinpoint.a(PC.o)
                0x00002948                PC_Start
 .text.PC_GetChar
                0x00002964       0x74 .\CortexM3\ARM_GCC_493\Release\Pinpoint.a(PC.o)
                0x00002964                PC_GetChar
 .text.PC_GetRxBufferSize
                0x000029d8       0x4c .\CortexM3\ARM_GCC_493\Release\Pinpoint.a(PC.o)
                0x000029d8                PC_GetRxBufferSize
 .text.PC_PutChar
                0x00002a24       0x64 .\CortexM3\ARM_GCC_493\Release\Pinpoint.a(PC.o)
                0x00002a24                PC_PutChar
 .text.PC_PutString
                0x00002a88       0x24 .\CortexM3\ARM_GCC_493\Release\Pinpoint.a(PC.o)
                0x00002a88                PC_PutString
 .text.PC_RXISR
                0x00002aac       0x7c .\CortexM3\ARM_GCC_493\Release\Pinpoint.a(PC_INT.o)
                0x00002aac                PC_RXISR
 .text.PC_TXISR
                0x00002b28       0x4c .\CortexM3\ARM_GCC_493\Release\Pinpoint.a(PC_INT.o)
                0x00002b28                PC_TXISR
 .text.PC_TX_SetDriveMode
                0x00002b74       0x18 .\CortexM3\ARM_GCC_493\Release\Pinpoint.a(PC_TX.o)
                0x00002b74                PC_TX_SetDriveMode
 .text.XB_IntClock_Start
                0x00002b8c       0x18 .\CortexM3\ARM_GCC_493\Release\Pinpoint.a(XB_IntClock.o)
                0x00002b8c                XB_IntClock_Start
 .text.PC_IntClock_Start
                0x00002ba4       0x18 .\CortexM3\ARM_GCC_493\Release\Pinpoint.a(PC_IntClock.o)
                0x00002ba4                PC_IntClock_Start
 *fill*         0x00002bbc        0x4 
 .text          0x00002bc0       0x20 .\CortexM3\ARM_GCC_493\Release\Pinpoint.a(CyBootAsmGnu.o)
                0x00002bc0                CyDelayCycles
                0x00002bd0                CyEnterCriticalSection
                0x00002bd8                CyExitCriticalSection
 .text.CyDelay  0x00002be0       0x28 .\CortexM3\ARM_GCC_493\Release\Pinpoint.a(CyLib.o)
                0x00002be0                CyDelay
 .text.CyIntSetVector
                0x00002c08       0x1c .\CortexM3\ARM_GCC_493\Release\Pinpoint.a(CyLib.o)
                0x00002c08                CyIntSetVector
 .text.CyIntSetPriority
                0x00002c24       0x14 .\CortexM3\ARM_GCC_493\Release\Pinpoint.a(CyLib.o)
                0x00002c24                CyIntSetPriority
 .text.CyGetUniqueId
                0x00002c38       0x70 .\CortexM3\ARM_GCC_493\Release\Pinpoint.a(CyLib.o)
                0x00002c38                CyGetUniqueId
 .text.GPS_CLK_Start
                0x00002ca8       0x18 .\CortexM3\ARM_GCC_493\Release\Pinpoint.a(GPS_CLK.o)
                0x00002ca8                GPS_CLK_Start
 .text.Broadcast_Timer_Enable
                0x00002cc0       0x10 .\CortexM3\ARM_GCC_493\Release\Pinpoint.a(Broadcast_Timer.o)
                0x00002cc0                Broadcast_Timer_Enable
 .text.Broadcast_Timer_ReadStatusRegister
                0x00002cd0        0xc .\CortexM3\ARM_GCC_493\Release\Pinpoint.a(Broadcast_Timer.o)
                0x00002cd0                Broadcast_Timer_ReadStatusRegister
 .text.Broadcast_Timer_ClearFIFO
                0x00002cdc       0x18 .\CortexM3\ARM_GCC_493\Release\Pinpoint.a(Broadcast_Timer.o)
                0x00002cdc                Broadcast_Timer_ClearFIFO
 .text.Broadcast_Timer_Init
                0x00002cf4       0x40 .\CortexM3\ARM_GCC_493\Release\Pinpoint.a(Broadcast_Timer.o)
                0x00002cf4                Broadcast_Timer_Init
 .text.Broadcast_Timer_Start
                0x00002d34       0x1c .\CortexM3\ARM_GCC_493\Release\Pinpoint.a(Broadcast_Timer.o)
                0x00002d34                Broadcast_Timer_Start
 .text.XB_Location_Broadcast_StartEx
                0x00002d50       0x28 .\CortexM3\ARM_GCC_493\Release\Pinpoint.a(XB_Location_Broadcast.o)
                0x00002d50                XB_Location_Broadcast_StartEx
 .text.XB_RX_ISR_StartEx
                0x00002d78       0x24 .\CortexM3\ARM_GCC_493\Release\Pinpoint.a(XB_RX_ISR.o)
                0x00002d78                XB_RX_ISR_StartEx
 .text.TFT_Enable
                0x00002d9c       0x38 .\CortexM3\ARM_GCC_493\Release\Pinpoint.a(TFT.o)
                0x00002d9c                TFT_Enable
 .text.TFT_WriteTxData
                0x00002dd4       0x18 .\CortexM3\ARM_GCC_493\Release\Pinpoint.a(TFT.o)
                0x00002dd4                TFT_WriteTxData
 .text.TFT_ReadRxData
                0x00002dec        0xc .\CortexM3\ARM_GCC_493\Release\Pinpoint.a(TFT.o)
                0x00002dec                TFT_ReadRxData
 .text.TFT_ClearRxBuffer
                0x00002df8       0x18 .\CortexM3\ARM_GCC_493\Release\Pinpoint.a(TFT.o)
                0x00002df8                TFT_ClearRxBuffer
 .text.TFT_ClearFIFO
                0x00002e10       0x3c .\CortexM3\ARM_GCC_493\Release\Pinpoint.a(TFT.o)
                0x00002e10                TFT_ClearFIFO
 .text.TFT_Init
                0x00002e4c       0x34 .\CortexM3\ARM_GCC_493\Release\Pinpoint.a(TFT.o)
                0x00002e4c                TFT_Init
 .text.TFT_Start
                0x00002e80       0x1c .\CortexM3\ARM_GCC_493\Release\Pinpoint.a(TFT.o)
                0x00002e80                TFT_Start
 .text.TFT_IntClock_Start
                0x00002e9c       0x18 .\CortexM3\ARM_GCC_493\Release\Pinpoint.a(TFT_IntClock.o)
                0x00002e9c                TFT_IntClock_Start
 .text.TFT_ISR_StartEx
                0x00002eb4       0x24 .\CortexM3\ARM_GCC_493\Release\Pinpoint.a(TFT_ISR.o)
                0x00002eb4                TFT_ISR_StartEx
 .text.TFT_RST_Control_Write
                0x00002ed8        0xc .\CortexM3\ARM_GCC_493\Release\Pinpoint.a(TFT_RST_Control.o)
                0x00002ed8                TFT_RST_Control_Write
 .text.TFT_RST_Control_SaveConfig
                0x00002ee4       0x14 .\CortexM3\ARM_GCC_493\Release\Pinpoint.a(TFT_RST_Control_PM.o)
                0x00002ee4                TFT_RST_Control_SaveConfig
 .text.__errno  0x00002ef8        0xc c:/program files (x86)/cypress/psoc creator/3.3/psoc creator/import/gnu/arm/4.9.3/bin/../lib/gcc/arm-none-eabi/4.9.3/../../../../arm-none-eabi/lib/armv7-m\libg_nano.a(lib_a-errno.o)
                0x00002ef8                __errno
 .text.__libc_init_array
                0x00002f04       0x4c c:/program files (x86)/cypress/psoc creator/3.3/psoc creator/import/gnu/arm/4.9.3/bin/../lib/gcc/arm-none-eabi/4.9.3/../../../../arm-none-eabi/lib/armv7-m\libg_nano.a(lib_a-init.o)
                0x00002f04                __libc_init_array
 .text.memcpy   0x00002f50       0x16 c:/program files (x86)/cypress/psoc creator/3.3/psoc creator/import/gnu/arm/4.9.3/bin/../lib/gcc/arm-none-eabi/4.9.3/../../../../arm-none-eabi/lib/armv7-m\libg_nano.a(lib_a-memcpy.o)
                0x00002f50                memcpy
 .text.memset   0x00002f66       0x10 c:/program files (x86)/cypress/psoc creator/3.3/psoc creator/import/gnu/arm/4.9.3/bin/../lib/gcc/arm-none-eabi/4.9.3/../../../../arm-none-eabi/lib/armv7-m\libg_nano.a(lib_a-memset.o)
                0x00002f66                memset
 *fill*         0x00002f76        0x2 
 .text._malloc_r
                0x00002f78       0xac c:/program files (x86)/cypress/psoc creator/3.3/psoc creator/import/gnu/arm/4.9.3/bin/../lib/gcc/arm-none-eabi/4.9.3/../../../../arm-none-eabi/lib/armv7-m\libg_nano.a(lib_a-nano-mallocr.o)
                0x00002f78                _malloc_r
 .text._sbrk_r  0x00003024       0x20 c:/program files (x86)/cypress/psoc creator/3.3/psoc creator/import/gnu/arm/4.9.3/bin/../lib/gcc/arm-none-eabi/4.9.3/../../../../arm-none-eabi/lib/armv7-m\libg_nano.a(lib_a-sbrkr.o)
                0x00003024                _sbrk_r
 .text.sprintf  0x00003044       0x48 c:/program files (x86)/cypress/psoc creator/3.3/psoc creator/import/gnu/arm/4.9.3/bin/../lib/gcc/arm-none-eabi/4.9.3/../../../../arm-none-eabi/lib/armv7-m\libg_nano.a(lib_a-sprintf.o)
                0x00003044                siprintf
                0x00003044                sprintf
 .text.sscanf   0x0000308c       0x54 c:/program files (x86)/cypress/psoc creator/3.3/psoc creator/import/gnu/arm/4.9.3/bin/../lib/gcc/arm-none-eabi/4.9.3/../../../../arm-none-eabi/lib/armv7-m\libg_nano.a(lib_a-sscanf.o)
                0x0000308c                siscanf
                0x0000308c                sscanf
 .text.__seofread
                0x000030e0        0x4 c:/program files (x86)/cypress/psoc creator/3.3/psoc creator/import/gnu/arm/4.9.3/bin/../lib/gcc/arm-none-eabi/4.9.3/../../../../arm-none-eabi/lib/armv7-m\libg_nano.a(lib_a-stdio.o)
                0x000030e0                __seofread
 .text.strchr   0x000030e4       0x1c c:/program files (x86)/cypress/psoc creator/3.3/psoc creator/import/gnu/arm/4.9.3/bin/../lib/gcc/arm-none-eabi/4.9.3/../../../../arm-none-eabi/lib/armv7-m\libg_nano.a(lib_a-strchr.o)
                0x000030e4                strchr
 .text.strcpy   0x00003100       0x10 c:/program files (x86)/cypress/psoc creator/3.3/psoc creator/import/gnu/arm/4.9.3/bin/../lib/gcc/arm-none-eabi/4.9.3/../../../../arm-none-eabi/lib/armv7-m\libg_nano.a(lib_a-strcpy.o)
                0x00003100                strcpy
 .text.strlen   0x00003110       0x10 c:/program files (x86)/cypress/psoc creator/3.3/psoc creator/import/gnu/arm/4.9.3/bin/../lib/gcc/arm-none-eabi/4.9.3/../../../../arm-none-eabi/lib/armv7-m\libg_nano.a(lib_a-strlen.o)
                0x00003110                strlen
 .text.strncmp  0x00003120       0x32 c:/program files (x86)/cypress/psoc creator/3.3/psoc creator/import/gnu/arm/4.9.3/bin/../lib/gcc/arm-none-eabi/4.9.3/../../../../arm-none-eabi/lib/armv7-m\libg_nano.a(lib_a-strncmp.o)
                0x00003120                strncmp
 .text.__ssputs_r
                0x00003152       0xb2 c:/program files (x86)/cypress/psoc creator/3.3/psoc creator/import/gnu/arm/4.9.3/bin/../lib/gcc/arm-none-eabi/4.9.3/../../../../arm-none-eabi/lib/armv7-m\libg_nano.a(lib_a-nano-svfprintf.o)
                0x00003152                __ssputs_r
 .text._svfprintf_r
                0x00003204      0x1e4 c:/program files (x86)/cypress/psoc creator/3.3/psoc creator/import/gnu/arm/4.9.3/bin/../lib/gcc/arm-none-eabi/4.9.3/../../../../arm-none-eabi/lib/armv7-m\libg_nano.a(lib_a-nano-svfprintf.o)
                0x00003204                _svfiprintf_r
                0x00003204                _svfprintf_r
 .text._sungetc_r
                0x000033e8       0x7a c:/program files (x86)/cypress/psoc creator/3.3/psoc creator/import/gnu/arm/4.9.3/bin/../lib/gcc/arm-none-eabi/4.9.3/../../../../arm-none-eabi/lib/armv7-m\libg_nano.a(lib_a-nano-svfscanf.o)
                0x000033e8                _sungetc_r
 .text.__ssrefill_r
                0x00003462       0x3a c:/program files (x86)/cypress/psoc creator/3.3/psoc creator/import/gnu/arm/4.9.3/bin/../lib/gcc/arm-none-eabi/4.9.3/../../../../arm-none-eabi/lib/armv7-m\libg_nano.a(lib_a-nano-svfscanf.o)
                0x00003462                __ssrefill_r
 .text.__ssvfscanf_r
                0x0000349c      0x29c c:/program files (x86)/cypress/psoc creator/3.3/psoc creator/import/gnu/arm/4.9.3/bin/../lib/gcc/arm-none-eabi/4.9.3/../../../../arm-none-eabi/lib/armv7-m\libg_nano.a(lib_a-nano-svfscanf.o)
                0x0000349c                __ssvfiscanf_r
                0x0000349c                __ssvfscanf_r
 .text._printf_common
                0x00003738       0xea c:/program files (x86)/cypress/psoc creator/3.3/psoc creator/import/gnu/arm/4.9.3/bin/../lib/gcc/arm-none-eabi/4.9.3/../../../../arm-none-eabi/lib/armv7-m\libg_nano.a(lib_a-nano-vfprintf_i.o)
                0x00003738                _printf_common
 *fill*         0x00003822        0x2 
 .text._printf_i
                0x00003824      0x240 c:/program files (x86)/cypress/psoc creator/3.3/psoc creator/import/gnu/arm/4.9.3/bin/../lib/gcc/arm-none-eabi/4.9.3/../../../../arm-none-eabi/lib/armv7-m\libg_nano.a(lib_a-nano-vfprintf_i.o)
                0x00003824                _printf_i
 .text._scanf_chars
                0x00003a64       0xbc c:/program files (x86)/cypress/psoc creator/3.3/psoc creator/import/gnu/arm/4.9.3/bin/../lib/gcc/arm-none-eabi/4.9.3/../../../../arm-none-eabi/lib/armv7-m\libg_nano.a(lib_a-nano-vfscanf_i.o)
                0x00003a64                _scanf_chars
 .text._scanf_i
                0x00003b20      0x1e4 c:/program files (x86)/cypress/psoc creator/3.3/psoc creator/import/gnu/arm/4.9.3/bin/../lib/gcc/arm-none-eabi/4.9.3/../../../../arm-none-eabi/lib/armv7-m\libg_nano.a(lib_a-nano-vfscanf_i.o)
                0x00003b20                _scanf_i
 .text.__sccl   0x00003d04       0x62 c:/program files (x86)/cypress/psoc creator/3.3/psoc creator/import/gnu/arm/4.9.3/bin/../lib/gcc/arm-none-eabi/4.9.3/../../../../arm-none-eabi/lib/armv7-m\libg_nano.a(lib_a-sccl.o)
                0x00003d04                __sccl
 *fill*         0x00003d66        0x2 
 .text._strtol_r
                0x00003d68      0x10c c:/program files (x86)/cypress/psoc creator/3.3/psoc creator/import/gnu/arm/4.9.3/bin/../lib/gcc/arm-none-eabi/4.9.3/../../../../arm-none-eabi/lib/armv7-m\libg_nano.a(lib_a-strtol.o)
                0x00003d68                _strtol_r
 .text._strtoul_r
                0x00003e74       0xf8 c:/program files (x86)/cypress/psoc creator/3.3/psoc creator/import/gnu/arm/4.9.3/bin/../lib/gcc/arm-none-eabi/4.9.3/../../../../arm-none-eabi/lib/armv7-m\libg_nano.a(lib_a-strtoul.o)
                0x00003e74                _strtoul_r
 .text.__submore
                0x00003f6c       0x72 c:/program files (x86)/cypress/psoc creator/3.3/psoc creator/import/gnu/arm/4.9.3/bin/../lib/gcc/arm-none-eabi/4.9.3/../../../../arm-none-eabi/lib/armv7-m\libg_nano.a(lib_a-ungetc.o)
                0x00003f6c                __submore
 .text.memchr   0x00003fde       0x1c c:/program files (x86)/cypress/psoc creator/3.3/psoc creator/import/gnu/arm/4.9.3/bin/../lib/gcc/arm-none-eabi/4.9.3/../../../../arm-none-eabi/lib/armv7-m\libg_nano.a(lib_a-memchr.o)
                0x00003fde                memchr
 .text.memmove  0x00003ffa       0x36 c:/program files (x86)/cypress/psoc creator/3.3/psoc creator/import/gnu/arm/4.9.3/bin/../lib/gcc/arm-none-eabi/4.9.3/../../../../arm-none-eabi/lib/armv7-m\libg_nano.a(lib_a-memmove.o)
                0x00003ffa                memmove
 .text._free_r  0x00004030       0x88 c:/program files (x86)/cypress/psoc creator/3.3/psoc creator/import/gnu/arm/4.9.3/bin/../lib/gcc/arm-none-eabi/4.9.3/../../../../arm-none-eabi/lib/armv7-m\libg_nano.a(lib_a-nano-freer.o)
                0x00004030                _free_r
 .text._realloc_r
                0x000040b8       0x4c c:/program files (x86)/cypress/psoc creator/3.3/psoc creator/import/gnu/arm/4.9.3/bin/../lib/gcc/arm-none-eabi/4.9.3/../../../../arm-none-eabi/lib/armv7-m\libg_nano.a(lib_a-nano-reallocr.o)
                0x000040b8                _realloc_r
 .text._malloc_usable_size_r
                0x00004104       0x14 c:/program files (x86)/cypress/psoc creator/3.3/psoc creator/import/gnu/arm/4.9.3/bin/../lib/gcc/arm-none-eabi/4.9.3/../../../../arm-none-eabi/lib/armv7-m\libg_nano.a(lib_a-nano-msizer.o)
                0x00004104                _malloc_usable_size_r
 *(.plt)
 *(.gnu.warning)
 *(.glue_7t)
 .glue_7t       0x00000000        0x0 linker stubs
 *(.glue_7)
 .glue_7        0x00000000        0x0 linker stubs
 *(.vfp11_veneer)
 .vfp11_veneer  0x00000000        0x0 linker stubs
 *(.bootloader)
 *(.ARM.extab* .gnu.linkonce.armextab.*)
 *(.gcc_except_table)

.v4_bx          0x00004118        0x0
 .v4_bx         0x00000000        0x0 linker stubs

.iplt           0x00004118        0x0
 .iplt          0x00000000        0x0 c:/program files (x86)/cypress/psoc creator/3.3/psoc creator/import/gnu/arm/4.9.3/bin/../lib/gcc/arm-none-eabi/4.9.3/armv7-m/crtbegin.o

.eh_frame_hdr
 *(.eh_frame_hdr)

.eh_frame       0x00004118        0x4
 *(.eh_frame)
 .eh_frame      0x00004118        0x0 c:/program files (x86)/cypress/psoc creator/3.3/psoc creator/import/gnu/arm/4.9.3/bin/../lib/gcc/arm-none-eabi/4.9.3/armv7-m/crtbegin.o
 .eh_frame      0x00004118        0x4 c:/program files (x86)/cypress/psoc creator/3.3/psoc creator/import/gnu/arm/4.9.3/bin/../lib/gcc/arm-none-eabi/4.9.3/armv7-m/crtend.o
                0x0000411c                PROVIDE (__exidx_start, .)

.ARM.exidx
 *(.ARM.exidx* .gnu.linkonce.armexidx.*)
                0x0000411c                __exidx_end = .

.rodata         0x0000411c      0x3d4
 *(.rodata .rodata.* .gnu.linkonce.r.*)
 .rodata.str1.1
                0x0000411c      0x12d .\CortexM3\ARM_GCC_493\Release\main.o
 .rodata.str1.1
                0x00004249       0x5a .\CortexM3\ARM_GCC_493\Release\nmea.o
 .rodata        0x000042a3       0x5e .\CortexM3\ARM_GCC_493\Release\Pinpoint.a(cyfitter_cfg.o)
 .rodata.str1.1
                0x00000000       0x5a c:/program files (x86)/cypress/psoc creator/3.3/psoc creator/import/gnu/arm/4.9.3/bin/../lib/gcc/arm-none-eabi/4.9.3/../../../../arm-none-eabi/lib/armv7-m\libg_nano.a(lib_a-impure.o)
                                  0x2 (size before relaxing)
 .rodata.str1.1
                0x00004301       0x11 c:/program files (x86)/cypress/psoc creator/3.3/psoc creator/import/gnu/arm/4.9.3/bin/../lib/gcc/arm-none-eabi/4.9.3/../../../../arm-none-eabi/lib/armv7-m\libg_nano.a(lib_a-nano-svfprintf.o)
 .rodata.str1.1
                0x00000000        0x4 c:/program files (x86)/cypress/psoc creator/3.3/psoc creator/import/gnu/arm/4.9.3/bin/../lib/gcc/arm-none-eabi/4.9.3/../../../../arm-none-eabi/lib/armv7-m\libg_nano.a(lib_a-nano-svfscanf.o)
 .rodata.str1.1
                0x00004312       0x22 c:/program files (x86)/cypress/psoc creator/3.3/psoc creator/import/gnu/arm/4.9.3/bin/../lib/gcc/arm-none-eabi/4.9.3/../../../../arm-none-eabi/lib/armv7-m\libg_nano.a(lib_a-nano-vfprintf_i.o)
 .rodata        0x00004334        0xc c:/program files (x86)/cypress/psoc creator/3.3/psoc creator/import/gnu/arm/4.9.3/bin/../lib/gcc/arm-none-eabi/4.9.3/../../../../arm-none-eabi/lib/armv7-m\libg_nano.a(lib_a-nano-vfscanf_i.o)
 .rodata.str1.1
                0x00004340       0x1b c:/program files (x86)/cypress/psoc creator/3.3/psoc creator/import/gnu/arm/4.9.3/bin/../lib/gcc/arm-none-eabi/4.9.3/../../../../arm-none-eabi/lib/armv7-m\libg_nano.a(lib_a-nano-vfscanf_i.o)
 .rodata._ctype_
                0x0000435b      0x101 c:/program files (x86)/cypress/psoc creator/3.3/psoc creator/import/gnu/arm/4.9.3/bin/../lib/gcc/arm-none-eabi/4.9.3/../../../../arm-none-eabi/lib/armv7-m\libg_nano.a(lib_a-ctype_.o)
                0x0000435b                _ctype_
 .rodata.__sf_fake_stdin
                0x0000445c       0x20 c:/program files (x86)/cypress/psoc creator/3.3/psoc creator/import/gnu/arm/4.9.3/bin/../lib/gcc/arm-none-eabi/4.9.3/../../../../arm-none-eabi/lib/armv7-m\libg_nano.a(lib_a-findfp.o)
                0x0000445c                __sf_fake_stdin
 .rodata.__sf_fake_stdout
                0x0000447c       0x20 c:/program files (x86)/cypress/psoc creator/3.3/psoc creator/import/gnu/arm/4.9.3/bin/../lib/gcc/arm-none-eabi/4.9.3/../../../../arm-none-eabi/lib/armv7-m\libg_nano.a(lib_a-findfp.o)
                0x0000447c                __sf_fake_stdout
 .rodata.__sf_fake_stderr
                0x0000449c       0x20 c:/program files (x86)/cypress/psoc creator/3.3/psoc creator/import/gnu/arm/4.9.3/bin/../lib/gcc/arm-none-eabi/4.9.3/../../../../arm-none-eabi/lib/armv7-m\libg_nano.a(lib_a-findfp.o)
                0x0000449c                __sf_fake_stderr
                0x000044bc                . = ALIGN (0x4)
 *(.init)
 .init          0x000044bc        0x4 c:/program files (x86)/cypress/psoc creator/3.3/psoc creator/import/gnu/arm/4.9.3/bin/../lib/gcc/arm-none-eabi/4.9.3/armv7-m/crti.o
                0x000044bc                _init
 .init          0x000044c0        0x8 c:/program files (x86)/cypress/psoc creator/3.3/psoc creator/import/gnu/arm/4.9.3/bin/../lib/gcc/arm-none-eabi/4.9.3/armv7-m/crtn.o
                0x000044c8                . = ALIGN (0x4)
                0x000044c8                __preinit_array_start = .
 *(.preinit_array)
                0x000044c8                __preinit_array_end = .
                0x000044c8                . = ALIGN (0x4)
                0x000044c8                __init_array_start = .
 *(SORT(.init_array.*))
 *(.init_array)
 .init_array    0x000044c8        0x4 c:/program files (x86)/cypress/psoc creator/3.3/psoc creator/import/gnu/arm/4.9.3/bin/../lib/gcc/arm-none-eabi/4.9.3/armv7-m/crtbegin.o
 .init_array    0x000044cc        0x4 .\CortexM3\ARM_GCC_493\Release\Cm3Start.o
                0x000044d0                __init_array_end = .
                0x000044d0                . = ALIGN (0x4)
 *(.fini)
 .fini          0x000044d0        0x4 c:/program files (x86)/cypress/psoc creator/3.3/psoc creator/import/gnu/arm/4.9.3/bin/../lib/gcc/arm-none-eabi/4.9.3/armv7-m/crti.o
                0x000044d0                _fini
 .fini          0x000044d4        0x8 c:/program files (x86)/cypress/psoc creator/3.3/psoc creator/import/gnu/arm/4.9.3/bin/../lib/gcc/arm-none-eabi/4.9.3/armv7-m/crtn.o
                0x000044dc                . = ALIGN (0x4)
                0x000044dc                __fini_array_start = .
 *(.fini_array)
 .fini_array    0x000044dc        0x4 c:/program files (x86)/cypress/psoc creator/3.3/psoc creator/import/gnu/arm/4.9.3/bin/../lib/gcc/arm-none-eabi/4.9.3/armv7-m/crtbegin.o
 *(SORT(.fini_array.*))
                0x000044e0                __fini_array_end = .
                0x000044e0                . = ALIGN (0x4)
 *crtbegin.o(.ctors)
 *(EXCLUDE_FILE(*crtend.o) .ctors)
 *(SORT(.ctors.*))
 *crtend.o(.ctors)
                0x000044e0                . = ALIGN (0x4)
 *crtbegin.o(.dtors)
 *(EXCLUDE_FILE(*crtend.o) .dtors)
 *(SORT(.dtors.*))
 *crtend.o(.dtors)
                0x000044e0                . = ALIGN (0x4)
                0x000044e0                __cy_regions = .
                0x000044e0        0x4 LONG 0x44f0 __cy_region_init_ram
                0x000044e4        0x4 LONG 0x1fff8108 __cy_region_start_data
                0x000044e8        0x4 LONG 0x90 __cy_region_init_size_ram
                0x000044ec        0x4 LONG 0x9c8 __cy_region_zero_size_ram
                0x000044f0                __cy_regions_end = .
                0x000044f0                . = ALIGN (0x8)
                0x000044f0                _etext = .

.cy_checksum_exclude
                0x000044f0        0x0
 *(.cy_checksum_exclude)

.ramvectors     0x1fff8000      0x100
                0x1fff8000                __cy_region_start_ram = .
 *(.ramvectors)
 .ramvectors    0x1fff8000      0x100 .\CortexM3\ARM_GCC_493\Release\Cm3Start.o
                0x1fff8000                CyRamVectors

.noinit         0x1fff8100        0x5
 *(.noinit)
 .noinit        0x1fff8100        0x4 .\CortexM3\ARM_GCC_493\Release\Cm3Start.o
 .noinit        0x1fff8104        0x1 .\CortexM3\ARM_GCC_493\Release\Pinpoint.a(CyLib.o)
                0x1fff8104                CyResetStatus

.data           0x1fff8108       0x90 load address 0x000044f0
                0x1fff8108                __cy_region_start_data = .
 *(.jcr)
 .jcr           0x1fff8108        0x0 c:/program files (x86)/cypress/psoc creator/3.3/psoc creator/import/gnu/arm/4.9.3/bin/../lib/gcc/arm-none-eabi/4.9.3/armv7-m/crtbegin.o
 .jcr           0x1fff8108        0x4 c:/program files (x86)/cypress/psoc creator/3.3/psoc creator/import/gnu/arm/4.9.3/bin/../lib/gcc/arm-none-eabi/4.9.3/armv7-m/crtend.o
 *(.got.plt)
 *(.got)
 *(.shdata)
 *(.data .data.* .gnu.linkonce.d.*)
 .data          0x1fff810c        0xa .\CortexM3\ARM_GCC_493\Release\Adafruit_RA8875.o
 *fill*         0x1fff8116        0x2 
 .data          0x1fff8118        0x4 .\CortexM3\ARM_GCC_493\Release\Cm3Start.o
 .data          0x1fff811c       0x10 .\CortexM3\ARM_GCC_493\Release\Pinpoint.a(CyLib.o)
                0x1fff811c                cydelay_32k_ms
                0x1fff8120                cydelay_freq_khz
                0x1fff8124                cydelay_freq_mhz
                0x1fff8128                cydelay_freq_hz
 .data.impure_data
                0x1fff812c       0x60 c:/program files (x86)/cypress/psoc creator/3.3/psoc creator/import/gnu/arm/4.9.3/bin/../lib/gcc/arm-none-eabi/4.9.3/../../../../arm-none-eabi/lib/armv7-m\libg_nano.a(lib_a-impure.o)
 .data._impure_ptr
                0x1fff818c        0x4 c:/program files (x86)/cypress/psoc creator/3.3/psoc creator/import/gnu/arm/4.9.3/bin/../lib/gcc/arm-none-eabi/4.9.3/../../../../arm-none-eabi/lib/armv7-m\libg_nano.a(lib_a-impure.o)
                0x1fff818c                _impure_ptr
 .data.__ctype_ptr__
                0x1fff8190        0x4 c:/program files (x86)/cypress/psoc creator/3.3/psoc creator/import/gnu/arm/4.9.3/bin/../lib/gcc/arm-none-eabi/4.9.3/../../../../arm-none-eabi/lib/armv7-m\libg_nano.a(lib_a-ctype_.o)
                0x1fff8190                __ctype_ptr__
                0x1fff8198                . = ALIGN (0x8)
 *fill*         0x1fff8194        0x4 
 *(.ram)
                0x1fff8198                _edata = .

.igot.plt       0x1fff8198        0x0 load address 0x00004580
 .igot.plt      0x00000000        0x0 c:/program files (x86)/cypress/psoc creator/3.3/psoc creator/import/gnu/arm/4.9.3/bin/../lib/gcc/arm-none-eabi/4.9.3/armv7-m/crtbegin.o

.bss            0x1fff8198      0x9c8 load address 0x00004580
                0x1fff8198                PROVIDE (__bss_start__, .)
 *(.shbss)
 *(.bss .bss.* .gnu.linkonce.b.*)
 .bss           0x1fff8198       0x1c c:/program files (x86)/cypress/psoc creator/3.3/psoc creator/import/gnu/arm/4.9.3/bin/../lib/gcc/arm-none-eabi/4.9.3/armv7-m/crtbegin.o
 .bss           0x1fff81b4       0x1c .\CortexM3\ARM_GCC_493\Release\main.o
                0x1fff81b4                broadcastReady
                0x1fff81b6                xbBufLen
                0x1fff81b8                xbReady
                0x1fff81b9                gpsReady
                0x1fff81ba                pcReady
                0x1fff81bb                gpsBufLen
                0x1fff81bc                users
                0x1fff81c0                pcBufLen
                0x1fff81c4                gfxFont
                0x1fff81c8                cp437
                0x1fff81ca                cursor_y
                0x1fff81cc                cursor_x
 .bss           0x1fff81d0        0x9 .\CortexM3\ARM_GCC_493\Release\Pinpoint.a(GPS.o)
                0x1fff81d0                GPS_errorStatus
                0x1fff81d1                GPS_initVar
                0x1fff81d2                GPS_rxBufferRead
                0x1fff81d3                GPS_rxBufferWrite
                0x1fff81d4                GPS_rxBufferLoopDetect
                0x1fff81d5                GPS_rxBufferOverflow
                0x1fff81d6                GPS_txBufferRead
                0x1fff81d7                GPS_txBufferWrite
 .bss           0x1fff81d9        0x9 .\CortexM3\ARM_GCC_493\Release\Pinpoint.a(XB.o)
                0x1fff81d9                XB_errorStatus
                0x1fff81da                XB_initVar
                0x1fff81db                XB_rxBufferRead
                0x1fff81dc                XB_rxBufferWrite
                0x1fff81dd                XB_rxBufferLoopDetect
                0x1fff81de                XB_rxBufferOverflow
                0x1fff81df                XB_txBufferRead
                0x1fff81e0                XB_txBufferWrite
 .bss           0x1fff81e2        0x9 .\CortexM3\ARM_GCC_493\Release\Pinpoint.a(PC.o)
                0x1fff81e2                PC_errorStatus
                0x1fff81e3                PC_initVar
                0x1fff81e4                PC_rxBufferRead
                0x1fff81e5                PC_rxBufferWrite
                0x1fff81e6                PC_rxBufferLoopDetect
                0x1fff81e7                PC_rxBufferOverflow
                0x1fff81e8                PC_txBufferRead
                0x1fff81e9                PC_txBufferWrite
 .bss           0x1fff81eb        0x1 .\CortexM3\ARM_GCC_493\Release\Pinpoint.a(Broadcast_Timer.o)
                0x1fff81eb                Broadcast_Timer_initVar
 .bss           0x1fff81ec        0x1 .\CortexM3\ARM_GCC_493\Release\Pinpoint.a(TFT.o)
                0x1fff81ec                TFT_initVar
 .bss           0x1fff81ed        0x1 .\CortexM3\ARM_GCC_493\Release\Pinpoint.a(TFT_RST_Control_PM.o)
 *fill*         0x1fff81ee        0x2 
 .bss.__malloc_sbrk_start
                0x1fff81f0        0x4 c:/program files (x86)/cypress/psoc creator/3.3/psoc creator/import/gnu/arm/4.9.3/bin/../lib/gcc/arm-none-eabi/4.9.3/../../../../arm-none-eabi/lib/armv7-m\libg_nano.a(lib_a-nano-mallocr.o)
                0x1fff81f0                __malloc_sbrk_start
 .bss.__malloc_free_list
                0x1fff81f4        0x4 c:/program files (x86)/cypress/psoc creator/3.3/psoc creator/import/gnu/arm/4.9.3/bin/../lib/gcc/arm-none-eabi/4.9.3/../../../../arm-none-eabi/lib/armv7-m\libg_nano.a(lib_a-nano-mallocr.o)
                0x1fff81f4                __malloc_free_list
 *(COMMON)
 COMMON         0x1fff81f8      0x6f5 .\CortexM3\ARM_GCC_493\Release\main.o
                0x1fff81f8                gpsBuffer
                0x1fff83ec                me
                0x1fff8503                _textScale
                0x1fff8504                gpsString
                0x1fff86f8                rotation
                0x1fff86f9                xbUpdate
                0x1fff87c1                xbBuffer
                0x1fff8889                pcBuffer
 COMMON         0x1fff88ed       0xc8 .\CortexM3\ARM_GCC_493\Release\Pinpoint.a(GPS.o)
                0x1fff88ed                GPS_txBuffer
                0x1fff8951                GPS_rxBuffer
 COMMON         0x1fff89b5       0xdc .\CortexM3\ARM_GCC_493\Release\Pinpoint.a(XB.o)
                0x1fff89b5                XB_txBuffer
                0x1fff8a7d                XB_rxBuffer
 COMMON         0x1fff8a91       0xc8 .\CortexM3\ARM_GCC_493\Release\Pinpoint.a(PC.o)
                0x1fff8a91                PC_txBuffer
                0x1fff8af5                PC_rxBuffer
 *fill*         0x1fff8b59        0x3 
 COMMON         0x1fff8b5c        0x4 c:/program files (x86)/cypress/psoc creator/3.3/psoc creator/import/gnu/arm/4.9.3/bin/../lib/gcc/arm-none-eabi/4.9.3/../../../../arm-none-eabi/lib/armv7-m\libg_nano.a(lib_a-reent.o)
                0x1fff8b5c                errno
                0x1fff8b60                . = ALIGN (0x8)
 *(.ram.b)
                0x1fff8b60                _end = .
                0x1fff8b60                __end = .
                0x1fff8b60                PROVIDE (end, .)
                0x1fff8b60                PROVIDE (__bss_end__, .)
                0x000044f0                __cy_region_init_ram = LOADADDR (.data)
                0x00000090                __cy_region_init_size_ram = (_edata - ADDR (.data))
                0x000009c8                __cy_region_zero_size_ram = (_end - _edata)

.heap           0x1fff8b60      0x800 load address 0x00004580
                0x1fff8b60                . = _end
                0x1fff9360                . = (. + 0x800)
 *fill*         0x1fff8b60      0x800 
                0x1fff9360                __cy_heap_limit = .

.stack          0x20007800      0x800
                0x20007800                __cy_stack_limit = .
                0x20008000                . = (. + 0x800)
 *fill*         0x20007800      0x800 
                0x00000001                ASSERT ((__cy_stack_limit >= __cy_heap_limit), region RAM overflowed with stack)
                0x00000000                cy_checksum_exclude_size = (CY_APPL_LOADABLE == 0x1)?SIZEOF (.cy_checksum_exclude):0x0
                0x00000001                ASSERT ((cy_checksum_exclude_size <= CY_CHECKSUM_EXCLUDE_SIZE), CY_BOOT: Section .cy_checksum_exclude size exceedes specified limit.)

.cyloadermeta
 *(.cyloadermeta)

.cyloadablemeta
 *(.cyloadablemeta)

.cyconfigecc    0x80000000      0xe6c
 *(.cyconfigecc)
 .cyconfigecc   0x80000000      0xe6c .\CortexM3\ARM_GCC_493\Release\cymetadata.o
                0x80000000                cy_meta_configecc

.cycustnvl      0x90000000        0x4
 *(.cycustnvl)
 .cycustnvl     0x90000000        0x4 .\CortexM3\ARM_GCC_493\Release\cymetadata.o
                0x90000000                cy_meta_custnvl

.cywolatch      0x90100000        0x4
 *(.cywolatch)
 .cywolatch     0x90100000        0x4 .\CortexM3\ARM_GCC_493\Release\cymetadata.o
                0x90100000                cy_meta_wonvl

.cyeeprom       0x90200000        0x0
 *(.cyeeprom)
                0x00000001                ASSERT ((. <= ((0x90200000 + ee_offset) + ee_size)), .cyeeprom data will not fit in EEPROM)

.cyflashprotect
                0x90400000      0x100
 *(.cyflashprotect)
 .cyflashprotect
                0x90400000      0x100 .\CortexM3\ARM_GCC_493\Release\cymetadata.o
                0x90400000                cy_meta_flashprotect

.cymeta         0x90500000        0xc
 *(.cymeta)
 .cymeta        0x90500000        0xc .\CortexM3\ARM_GCC_493\Release\cymetadata.o
                0x90500000                cy_metadata

.rel.dyn        0x00004580        0x0 load address 0x9050000c
 .rel.iplt      0x00000000        0x0 c:/program files (x86)/cypress/psoc creator/3.3/psoc creator/import/gnu/arm/4.9.3/bin/../lib/gcc/arm-none-eabi/4.9.3/armv7-m/crtbegin.o

.stab           0x00000000       0x6c
 *(.stab)
 .stab          0x00000000       0x24 c:/program files (x86)/cypress/psoc creator/3.3/psoc creator/import/gnu/arm/4.9.3/bin/../lib/gcc/arm-none-eabi/4.9.3/../../../../arm-none-eabi/lib/armv7-m\libnosys.a(close.o)
 .stab          0x00000024       0x18 c:/program files (x86)/cypress/psoc creator/3.3/psoc creator/import/gnu/arm/4.9.3/bin/../lib/gcc/arm-none-eabi/4.9.3/../../../../arm-none-eabi/lib/armv7-m\libnosys.a(lseek.o)
                                 0x24 (size before relaxing)
 .stab          0x0000003c       0x18 c:/program files (x86)/cypress/psoc creator/3.3/psoc creator/import/gnu/arm/4.9.3/bin/../lib/gcc/arm-none-eabi/4.9.3/../../../../arm-none-eabi/lib/armv7-m\libnosys.a(read.o)
                                 0x24 (size before relaxing)
 .stab          0x00000054       0x18 c:/program files (x86)/cypress/psoc creator/3.3/psoc creator/import/gnu/arm/4.9.3/bin/../lib/gcc/arm-none-eabi/4.9.3/../../../../arm-none-eabi/lib/armv7-m\libnosys.a(write.o)
                                 0x24 (size before relaxing)

.stabstr        0x00000000       0xdf
 *(.stabstr)
 .stabstr       0x00000000       0xdf c:/program files (x86)/cypress/psoc creator/3.3/psoc creator/import/gnu/arm/4.9.3/bin/../lib/gcc/arm-none-eabi/4.9.3/../../../../arm-none-eabi/lib/armv7-m\libnosys.a(close.o)

.debug
 *(.debug)

.line
 *(.line)

.debug_srcinfo
 *(.debug_srcinfo)

.debug_sfnames
 *(.debug_sfnames)

.debug_aranges  0x00000000     0x1080
 *(.debug_aranges)
 .debug_aranges
                0x00000000       0x68 .\CortexM3\ARM_GCC_493\Release\main.o
 .debug_aranges
                0x00000068       0x28 .\CortexM3\ARM_GCC_493\Release\nmea.o
 .debug_aranges
                0x00000090       0x28 .\CortexM3\ARM_GCC_493\Release\users.o
 .debug_aranges
                0x000000b8      0x220 .\CortexM3\ARM_GCC_493\Release\Adafruit_RA8875.o
 .debug_aranges
                0x000002d8       0x18 .\CortexM3\ARM_GCC_493\Release\glcdfont.o
 .debug_aranges
                0x000002f0       0x18 .\CortexM3\ARM_GCC_493\Release\cymetadata.o
 .debug_aranges
                0x00000308       0x48 .\CortexM3\ARM_GCC_493\Release\Cm3Start.o
 .debug_aranges
                0x00000350       0x28 .\CortexM3\ARM_GCC_493\Release\Pinpoint.a(cyfitter_cfg.o)
 .debug_aranges
                0x00000378       0xf0 .\CortexM3\ARM_GCC_493\Release\Pinpoint.a(GPS.o)
 .debug_aranges
                0x00000468       0x28 .\CortexM3\ARM_GCC_493\Release\Pinpoint.a(GPS_INT.o)
 .debug_aranges
                0x00000490       0x38 .\CortexM3\ARM_GCC_493\Release\Pinpoint.a(GPS_TX.o)
 .debug_aranges
                0x000004c8       0xf0 .\CortexM3\ARM_GCC_493\Release\Pinpoint.a(XB.o)
 .debug_aranges
                0x000005b8       0x28 .\CortexM3\ARM_GCC_493\Release\Pinpoint.a(XB_INT.o)
 .debug_aranges
                0x000005e0       0x38 .\CortexM3\ARM_GCC_493\Release\Pinpoint.a(XB_TX.o)
 .debug_aranges
                0x00000618       0xf0 .\CortexM3\ARM_GCC_493\Release\Pinpoint.a(PC.o)
 .debug_aranges
                0x00000708       0x28 .\CortexM3\ARM_GCC_493\Release\Pinpoint.a(PC_INT.o)
 .debug_aranges
                0x00000730       0x38 .\CortexM3\ARM_GCC_493\Release\Pinpoint.a(PC_TX.o)
 .debug_aranges
                0x00000768       0x70 .\CortexM3\ARM_GCC_493\Release\Pinpoint.a(XB_IntClock.o)
 .debug_aranges
                0x000007d8       0x70 .\CortexM3\ARM_GCC_493\Release\Pinpoint.a(PC_IntClock.o)
 .debug_aranges
                0x00000848       0x20 .\CortexM3\ARM_GCC_493\Release\Pinpoint.a(CyBootAsmGnu.o)
 .debug_aranges
                0x00000868      0x290 .\CortexM3\ARM_GCC_493\Release\Pinpoint.a(CyLib.o)
 .debug_aranges
                0x00000af8       0x78 .\CortexM3\ARM_GCC_493\Release\Pinpoint.a(cyPm.o)
 .debug_aranges
                0x00000b70       0x70 .\CortexM3\ARM_GCC_493\Release\Pinpoint.a(GPS_CLK.o)
 .debug_aranges
                0x00000be0       0x90 .\CortexM3\ARM_GCC_493\Release\Pinpoint.a(Broadcast_Timer.o)
 .debug_aranges
                0x00000c70       0x80 .\CortexM3\ARM_GCC_493\Release\Pinpoint.a(XB_Location_Broadcast.o)
 .debug_aranges
                0x00000cf0       0x80 .\CortexM3\ARM_GCC_493\Release\Pinpoint.a(XB_RX_ISR.o)
 .debug_aranges
                0x00000d70       0xd8 .\CortexM3\ARM_GCC_493\Release\Pinpoint.a(TFT.o)
 .debug_aranges
                0x00000e48       0x70 .\CortexM3\ARM_GCC_493\Release\Pinpoint.a(TFT_IntClock.o)
 .debug_aranges
                0x00000eb8       0x80 .\CortexM3\ARM_GCC_493\Release\Pinpoint.a(TFT_ISR.o)
 .debug_aranges
                0x00000f38       0x28 .\CortexM3\ARM_GCC_493\Release\Pinpoint.a(TFT_RST_Control.o)
 .debug_aranges
                0x00000f60       0x38 .\CortexM3\ARM_GCC_493\Release\Pinpoint.a(TFT_RST_Control_PM.o)
 .debug_aranges
                0x00000f98       0x70 .\CortexM3\ARM_GCC_493\Release\Pinpoint.a(CyFlash.o)
 .debug_aranges
                0x00001008       0x78 .\CortexM3\ARM_GCC_493\Release\Pinpoint.a(CySpc.o)

.debug_pubnames
 *(.debug_pubnames)

.debug_info     0x00000000     0xdec1
 *(.debug_info .gnu.linkonce.wi.*)
 .debug_info    0x00000000     0x16e3 .\CortexM3\ARM_GCC_493\Release\main.o
 .debug_info    0x000016e3     0x17f4 .\CortexM3\ARM_GCC_493\Release\nmea.o
 .debug_info    0x00002ed7      0x291 .\CortexM3\ARM_GCC_493\Release\users.o
 .debug_info    0x00003168     0x35ad .\CortexM3\ARM_GCC_493\Release\Adafruit_RA8875.o
 .debug_info    0x00006715      0x54f .\CortexM3\ARM_GCC_493\Release\glcdfont.o
 .debug_info    0x00006c64      0x13f .\CortexM3\ARM_GCC_493\Release\cymetadata.o
 .debug_info    0x00006da3      0x3a5 .\CortexM3\ARM_GCC_493\Release\Cm3Start.o
 .debug_info    0x00007148      0x618 .\CortexM3\ARM_GCC_493\Release\Pinpoint.a(cyfitter_cfg.o)
 .debug_info    0x00007760      0x7a4 .\CortexM3\ARM_GCC_493\Release\Pinpoint.a(GPS.o)
 .debug_info    0x00007f04      0x191 .\CortexM3\ARM_GCC_493\Release\Pinpoint.a(GPS_INT.o)
 .debug_info    0x00008095      0x121 .\CortexM3\ARM_GCC_493\Release\Pinpoint.a(GPS_TX.o)
 .debug_info    0x000081b6      0x7d8 .\CortexM3\ARM_GCC_493\Release\Pinpoint.a(XB.o)
 .debug_info    0x0000898e      0x18f .\CortexM3\ARM_GCC_493\Release\Pinpoint.a(XB_INT.o)
 .debug_info    0x00008b1d      0x121 .\CortexM3\ARM_GCC_493\Release\Pinpoint.a(XB_TX.o)
 .debug_info    0x00008c3e      0x7c8 .\CortexM3\ARM_GCC_493\Release\Pinpoint.a(PC.o)
 .debug_info    0x00009406      0x191 .\CortexM3\ARM_GCC_493\Release\Pinpoint.a(PC_INT.o)
 .debug_info    0x00009597      0x121 .\CortexM3\ARM_GCC_493\Release\Pinpoint.a(PC_TX.o)
 .debug_info    0x000096b8      0x29d .\CortexM3\ARM_GCC_493\Release\Pinpoint.a(XB_IntClock.o)
 .debug_info    0x00009955      0x29d .\CortexM3\ARM_GCC_493\Release\Pinpoint.a(PC_IntClock.o)
 .debug_info    0x00009bf2       0x91 .\CortexM3\ARM_GCC_493\Release\Pinpoint.a(CyBootAsmGnu.o)
 .debug_info    0x00009c83     0x133e .\CortexM3\ARM_GCC_493\Release\Pinpoint.a(CyLib.o)
 .debug_info    0x0000afc1      0x9a6 .\CortexM3\ARM_GCC_493\Release\Pinpoint.a(cyPm.o)
 .debug_info    0x0000b967      0x29d .\CortexM3\ARM_GCC_493\Release\Pinpoint.a(GPS_CLK.o)
 .debug_info    0x0000bc04      0x350 .\CortexM3\ARM_GCC_493\Release\Pinpoint.a(Broadcast_Timer.o)
 .debug_info    0x0000bf54      0x377 .\CortexM3\ARM_GCC_493\Release\Pinpoint.a(XB_Location_Broadcast.o)
 .debug_info    0x0000c2cb      0x377 .\CortexM3\ARM_GCC_493\Release\Pinpoint.a(XB_RX_ISR.o)
 .debug_info    0x0000c642      0x518 .\CortexM3\ARM_GCC_493\Release\Pinpoint.a(TFT.o)
 .debug_info    0x0000cb5a      0x29d .\CortexM3\ARM_GCC_493\Release\Pinpoint.a(TFT_IntClock.o)
 .debug_info    0x0000cdf7      0x377 .\CortexM3\ARM_GCC_493\Release\Pinpoint.a(TFT_ISR.o)
 .debug_info    0x0000d16e       0xd6 .\CortexM3\ARM_GCC_493\Release\Pinpoint.a(TFT_RST_Control.o)
 .debug_info    0x0000d244      0x12f .\CortexM3\ARM_GCC_493\Release\Pinpoint.a(TFT_RST_Control_PM.o)
 .debug_info    0x0000d373      0x65e .\CortexM3\ARM_GCC_493\Release\Pinpoint.a(CyFlash.o)
 .debug_info    0x0000d9d1      0x4f0 .\CortexM3\ARM_GCC_493\Release\Pinpoint.a(CySpc.o)

.debug_abbrev   0x00000000     0x31dc
 *(.debug_abbrev)
 .debug_abbrev  0x00000000      0x2ca .\CortexM3\ARM_GCC_493\Release\main.o
 .debug_abbrev  0x000002ca      0x20a .\CortexM3\ARM_GCC_493\Release\nmea.o
 .debug_abbrev  0x000004d4      0x15e .\CortexM3\ARM_GCC_493\Release\users.o
 .debug_abbrev  0x00000632      0x2a0 .\CortexM3\ARM_GCC_493\Release\Adafruit_RA8875.o
 .debug_abbrev  0x000008d2       0x43 .\CortexM3\ARM_GCC_493\Release\glcdfont.o
 .debug_abbrev  0x00000915       0x77 .\CortexM3\ARM_GCC_493\Release\cymetadata.o
 .debug_abbrev  0x0000098c      0x20f .\CortexM3\ARM_GCC_493\Release\Cm3Start.o
 .debug_abbrev  0x00000b9b      0x268 .\CortexM3\ARM_GCC_493\Release\Pinpoint.a(cyfitter_cfg.o)
 .debug_abbrev  0x00000e03      0x1d4 .\CortexM3\ARM_GCC_493\Release\Pinpoint.a(GPS.o)
 .debug_abbrev  0x00000fd7       0xc4 .\CortexM3\ARM_GCC_493\Release\Pinpoint.a(GPS_INT.o)
 .debug_abbrev  0x0000109b       0x90 .\CortexM3\ARM_GCC_493\Release\Pinpoint.a(GPS_TX.o)
 .debug_abbrev  0x0000112b      0x1d4 .\CortexM3\ARM_GCC_493\Release\Pinpoint.a(XB.o)
 .debug_abbrev  0x000012ff       0xa2 .\CortexM3\ARM_GCC_493\Release\Pinpoint.a(XB_INT.o)
 .debug_abbrev  0x000013a1       0x90 .\CortexM3\ARM_GCC_493\Release\Pinpoint.a(XB_TX.o)
 .debug_abbrev  0x00001431      0x1d4 .\CortexM3\ARM_GCC_493\Release\Pinpoint.a(PC.o)
 .debug_abbrev  0x00001605       0xc4 .\CortexM3\ARM_GCC_493\Release\Pinpoint.a(PC_INT.o)
 .debug_abbrev  0x000016c9       0x90 .\CortexM3\ARM_GCC_493\Release\Pinpoint.a(PC_TX.o)
 .debug_abbrev  0x00001759      0x144 .\CortexM3\ARM_GCC_493\Release\Pinpoint.a(XB_IntClock.o)
 .debug_abbrev  0x0000189d      0x144 .\CortexM3\ARM_GCC_493\Release\Pinpoint.a(PC_IntClock.o)
 .debug_abbrev  0x000019e1       0x14 .\CortexM3\ARM_GCC_493\Release\Pinpoint.a(CyBootAsmGnu.o)
 .debug_abbrev  0x000019f5      0x3c9 .\CortexM3\ARM_GCC_493\Release\Pinpoint.a(CyLib.o)
 .debug_abbrev  0x00001dbe      0x217 .\CortexM3\ARM_GCC_493\Release\Pinpoint.a(cyPm.o)
 .debug_abbrev  0x00001fd5      0x144 .\CortexM3\ARM_GCC_493\Release\Pinpoint.a(GPS_CLK.o)
 .debug_abbrev  0x00002119      0x1bf .\CortexM3\ARM_GCC_493\Release\Pinpoint.a(Broadcast_Timer.o)
 .debug_abbrev  0x000022d8      0x21b .\CortexM3\ARM_GCC_493\Release\Pinpoint.a(XB_Location_Broadcast.o)
 .debug_abbrev  0x000024f3      0x21b .\CortexM3\ARM_GCC_493\Release\Pinpoint.a(XB_RX_ISR.o)
 .debug_abbrev  0x0000270e      0x1f7 .\CortexM3\ARM_GCC_493\Release\Pinpoint.a(TFT.o)
 .debug_abbrev  0x00002905      0x144 .\CortexM3\ARM_GCC_493\Release\Pinpoint.a(TFT_IntClock.o)
 .debug_abbrev  0x00002a49      0x21b .\CortexM3\ARM_GCC_493\Release\Pinpoint.a(TFT_ISR.o)
 .debug_abbrev  0x00002c64       0x81 .\CortexM3\ARM_GCC_493\Release\Pinpoint.a(TFT_RST_Control.o)
 .debug_abbrev  0x00002ce5       0xb6 .\CortexM3\ARM_GCC_493\Release\Pinpoint.a(TFT_RST_Control_PM.o)
 .debug_abbrev  0x00002d9b      0x272 .\CortexM3\ARM_GCC_493\Release\Pinpoint.a(CyFlash.o)
 .debug_abbrev  0x0000300d      0x1cf .\CortexM3\ARM_GCC_493\Release\Pinpoint.a(CySpc.o)

.debug_line     0x00000000     0x4af5
 *(.debug_line)
 .debug_line    0x00000000      0x3c8 .\CortexM3\ARM_GCC_493\Release\main.o
 .debug_line    0x000003c8      0x8da .\CortexM3\ARM_GCC_493\Release\nmea.o
 .debug_line    0x00000ca2      0x17b .\CortexM3\ARM_GCC_493\Release\users.o
 .debug_line    0x00000e1d      0xa11 .\CortexM3\ARM_GCC_493\Release\Adafruit_RA8875.o
 .debug_line    0x0000182e       0x2d .\CortexM3\ARM_GCC_493\Release\glcdfont.o
 .debug_line    0x0000185b       0x53 .\CortexM3\ARM_GCC_493\Release\cymetadata.o
 .debug_line    0x000018ae      0x21e .\CortexM3\ARM_GCC_493\Release\Cm3Start.o
 .debug_line    0x00001acc      0x1cd .\CortexM3\ARM_GCC_493\Release\Pinpoint.a(cyfitter_cfg.o)
 .debug_line    0x00001c99      0x34b .\CortexM3\ARM_GCC_493\Release\Pinpoint.a(GPS.o)
 .debug_line    0x00001fe4       0xab .\CortexM3\ARM_GCC_493\Release\Pinpoint.a(GPS_INT.o)
 .debug_line    0x0000208f       0x99 .\CortexM3\ARM_GCC_493\Release\Pinpoint.a(GPS_TX.o)
 .debug_line    0x00002128      0x35e .\CortexM3\ARM_GCC_493\Release\Pinpoint.a(XB.o)
 .debug_line    0x00002486       0xa6 .\CortexM3\ARM_GCC_493\Release\Pinpoint.a(XB_INT.o)
 .debug_line    0x0000252c       0x98 .\CortexM3\ARM_GCC_493\Release\Pinpoint.a(XB_TX.o)
 .debug_line    0x000025c4      0x362 .\CortexM3\ARM_GCC_493\Release\Pinpoint.a(PC.o)
 .debug_line    0x00002926       0xa9 .\CortexM3\ARM_GCC_493\Release\Pinpoint.a(PC_INT.o)
 .debug_line    0x000029cf       0x94 .\CortexM3\ARM_GCC_493\Release\Pinpoint.a(PC_TX.o)
 .debug_line    0x00002a63      0x1cb .\CortexM3\ARM_GCC_493\Release\Pinpoint.a(XB_IntClock.o)
 .debug_line    0x00002c2e      0x1cb .\CortexM3\ARM_GCC_493\Release\Pinpoint.a(PC_IntClock.o)
 .debug_line    0x00002df9       0x68 .\CortexM3\ARM_GCC_493\Release\Pinpoint.a(CyBootAsmGnu.o)
 .debug_line    0x00002e61      0x7e9 .\CortexM3\ARM_GCC_493\Release\Pinpoint.a(CyLib.o)
 .debug_line    0x0000364a      0x3b3 .\CortexM3\ARM_GCC_493\Release\Pinpoint.a(cyPm.o)
 .debug_line    0x000039fd      0x1c4 .\CortexM3\ARM_GCC_493\Release\Pinpoint.a(GPS_CLK.o)
 .debug_line    0x00003bc1      0x18f .\CortexM3\ARM_GCC_493\Release\Pinpoint.a(Broadcast_Timer.o)
 .debug_line    0x00003d50      0x17e .\CortexM3\ARM_GCC_493\Release\Pinpoint.a(XB_Location_Broadcast.o)
 .debug_line    0x00003ece      0x172 .\CortexM3\ARM_GCC_493\Release\Pinpoint.a(XB_RX_ISR.o)
 .debug_line    0x00004040      0x268 .\CortexM3\ARM_GCC_493\Release\Pinpoint.a(TFT.o)
 .debug_line    0x000042a8      0x1cc .\CortexM3\ARM_GCC_493\Release\Pinpoint.a(TFT_IntClock.o)
 .debug_line    0x00004474      0x170 .\CortexM3\ARM_GCC_493\Release\Pinpoint.a(TFT_ISR.o)
 .debug_line    0x000045e4       0x79 .\CortexM3\ARM_GCC_493\Release\Pinpoint.a(TFT_RST_Control.o)
 .debug_line    0x0000465d       0xb2 .\CortexM3\ARM_GCC_493\Release\Pinpoint.a(TFT_RST_Control_PM.o)
 .debug_line    0x0000470f      0x1c2 .\CortexM3\ARM_GCC_493\Release\Pinpoint.a(CyFlash.o)
 .debug_line    0x000048d1      0x224 .\CortexM3\ARM_GCC_493\Release\Pinpoint.a(CySpc.o)

.debug_frame    0x00000000     0x341c
 *(.debug_frame)
 .debug_frame   0x00000000      0x130 .\CortexM3\ARM_GCC_493\Release\main.o
 .debug_frame   0x00000130       0x60 .\CortexM3\ARM_GCC_493\Release\nmea.o
 .debug_frame   0x00000190       0x58 .\CortexM3\ARM_GCC_493\Release\users.o
 .debug_frame   0x000001e8      0x8ec .\CortexM3\ARM_GCC_493\Release\Adafruit_RA8875.o
 .debug_frame   0x00000ad4       0xac .\CortexM3\ARM_GCC_493\Release\Cm3Start.o
 .debug_frame   0x00000b80       0x48 .\CortexM3\ARM_GCC_493\Release\Pinpoint.a(cyfitter_cfg.o)
 .debug_frame   0x00000bc8      0x26c .\CortexM3\ARM_GCC_493\Release\Pinpoint.a(GPS.o)
 .debug_frame   0x00000e34       0x30 .\CortexM3\ARM_GCC_493\Release\Pinpoint.a(GPS_INT.o)
 .debug_frame   0x00000e64       0x50 .\CortexM3\ARM_GCC_493\Release\Pinpoint.a(GPS_TX.o)
 .debug_frame   0x00000eb4      0x26c .\CortexM3\ARM_GCC_493\Release\Pinpoint.a(XB.o)
 .debug_frame   0x00001120       0x30 .\CortexM3\ARM_GCC_493\Release\Pinpoint.a(XB_INT.o)
 .debug_frame   0x00001150       0x50 .\CortexM3\ARM_GCC_493\Release\Pinpoint.a(XB_TX.o)
 .debug_frame   0x000011a0      0x26c .\CortexM3\ARM_GCC_493\Release\Pinpoint.a(PC.o)
 .debug_frame   0x0000140c       0x30 .\CortexM3\ARM_GCC_493\Release\Pinpoint.a(PC_INT.o)
 .debug_frame   0x0000143c       0x50 .\CortexM3\ARM_GCC_493\Release\Pinpoint.a(PC_TX.o)
 .debug_frame   0x0000148c       0xe0 .\CortexM3\ARM_GCC_493\Release\Pinpoint.a(XB_IntClock.o)
 .debug_frame   0x0000156c       0xe0 .\CortexM3\ARM_GCC_493\Release\Pinpoint.a(PC_IntClock.o)
 .debug_frame   0x0000164c      0x6e0 .\CortexM3\ARM_GCC_493\Release\Pinpoint.a(CyLib.o)
 .debug_frame   0x00001d2c      0x1c4 .\CortexM3\ARM_GCC_493\Release\Pinpoint.a(cyPm.o)
 .debug_frame   0x00001ef0       0xe0 .\CortexM3\ARM_GCC_493\Release\Pinpoint.a(GPS_CLK.o)
 .debug_frame   0x00001fd0      0x11c .\CortexM3\ARM_GCC_493\Release\Pinpoint.a(Broadcast_Timer.o)
 .debug_frame   0x000020ec       0xe0 .\CortexM3\ARM_GCC_493\Release\Pinpoint.a(XB_Location_Broadcast.o)
 .debug_frame   0x000021cc       0xe0 .\CortexM3\ARM_GCC_493\Release\Pinpoint.a(XB_RX_ISR.o)
 .debug_frame   0x000022ac      0x1fc .\CortexM3\ARM_GCC_493\Release\Pinpoint.a(TFT.o)
 .debug_frame   0x000024a8       0xe0 .\CortexM3\ARM_GCC_493\Release\Pinpoint.a(TFT_IntClock.o)
 .debug_frame   0x00002588       0xe0 .\CortexM3\ARM_GCC_493\Release\Pinpoint.a(TFT_ISR.o)
 .debug_frame   0x00002668       0x30 .\CortexM3\ARM_GCC_493\Release\Pinpoint.a(TFT_RST_Control.o)
 .debug_frame   0x00002698       0x50 .\CortexM3\ARM_GCC_493\Release\Pinpoint.a(TFT_RST_Control_PM.o)
 .debug_frame   0x000026e8      0x148 .\CortexM3\ARM_GCC_493\Release\Pinpoint.a(CyFlash.o)
 .debug_frame   0x00002830      0x168 .\CortexM3\ARM_GCC_493\Release\Pinpoint.a(CySpc.o)
 .debug_frame   0x00002998       0x20 c:/program files (x86)/cypress/psoc creator/3.3/psoc creator/import/gnu/arm/4.9.3/bin/../lib/gcc/arm-none-eabi/4.9.3/../../../../arm-none-eabi/lib/armv7-m\libg_nano.a(lib_a-calloc.o)
 .debug_frame   0x000029b8       0x20 c:/program files (x86)/cypress/psoc creator/3.3/psoc creator/import/gnu/arm/4.9.3/bin/../lib/gcc/arm-none-eabi/4.9.3/../../../../arm-none-eabi/lib/armv7-m\libg_nano.a(lib_a-errno.o)
 .debug_frame   0x000029d8       0x28 c:/program files (x86)/cypress/psoc creator/3.3/psoc creator/import/gnu/arm/4.9.3/bin/../lib/gcc/arm-none-eabi/4.9.3/../../../../arm-none-eabi/lib/armv7-m\libg_nano.a(lib_a-exit.o)
 .debug_frame   0x00002a00       0x2c c:/program files (x86)/cypress/psoc creator/3.3/psoc creator/import/gnu/arm/4.9.3/bin/../lib/gcc/arm-none-eabi/4.9.3/../../../../arm-none-eabi/lib/armv7-m\libg_nano.a(lib_a-init.o)
 .debug_frame   0x00002a2c       0x28 c:/program files (x86)/cypress/psoc creator/3.3/psoc creator/import/gnu/arm/4.9.3/bin/../lib/gcc/arm-none-eabi/4.9.3/../../../../arm-none-eabi/lib/armv7-m\libg_nano.a(lib_a-memcpy.o)
 .debug_frame   0x00002a54       0x20 c:/program files (x86)/cypress/psoc creator/3.3/psoc creator/import/gnu/arm/4.9.3/bin/../lib/gcc/arm-none-eabi/4.9.3/../../../../arm-none-eabi/lib/armv7-m\libg_nano.a(lib_a-memset.o)
 .debug_frame   0x00002a74       0x2c c:/program files (x86)/cypress/psoc creator/3.3/psoc creator/import/gnu/arm/4.9.3/bin/../lib/gcc/arm-none-eabi/4.9.3/../../../../arm-none-eabi/lib/armv7-m\libg_nano.a(lib_a-nano-callocr.o)
 .debug_frame   0x00002aa0       0x2c c:/program files (x86)/cypress/psoc creator/3.3/psoc creator/import/gnu/arm/4.9.3/bin/../lib/gcc/arm-none-eabi/4.9.3/../../../../arm-none-eabi/lib/armv7-m\libg_nano.a(lib_a-nano-mallocr.o)
 .debug_frame   0x00002acc       0x2c c:/program files (x86)/cypress/psoc creator/3.3/psoc creator/import/gnu/arm/4.9.3/bin/../lib/gcc/arm-none-eabi/4.9.3/../../../../arm-none-eabi/lib/armv7-m\libg_nano.a(lib_a-sbrkr.o)
 .debug_frame   0x00002af8       0x70 c:/program files (x86)/cypress/psoc creator/3.3/psoc creator/import/gnu/arm/4.9.3/bin/../lib/gcc/arm-none-eabi/4.9.3/../../../../arm-none-eabi/lib/armv7-m\libg_nano.a(lib_a-sprintf.o)
 .debug_frame   0x00002b68       0x80 c:/program files (x86)/cypress/psoc creator/3.3/psoc creator/import/gnu/arm/4.9.3/bin/../lib/gcc/arm-none-eabi/4.9.3/../../../../arm-none-eabi/lib/armv7-m\libg_nano.a(lib_a-sscanf.o)
 .debug_frame   0x00002be8       0x88 c:/program files (x86)/cypress/psoc creator/3.3/psoc creator/import/gnu/arm/4.9.3/bin/../lib/gcc/arm-none-eabi/4.9.3/../../../../arm-none-eabi/lib/armv7-m\libg_nano.a(lib_a-stdio.o)
 .debug_frame   0x00002c70       0x20 c:/program files (x86)/cypress/psoc creator/3.3/psoc creator/import/gnu/arm/4.9.3/bin/../lib/gcc/arm-none-eabi/4.9.3/../../../../arm-none-eabi/lib/armv7-m\libg_nano.a(lib_a-strchr.o)
 .debug_frame   0x00002c90       0x20 c:/program files (x86)/cypress/psoc creator/3.3/psoc creator/import/gnu/arm/4.9.3/bin/../lib/gcc/arm-none-eabi/4.9.3/../../../../arm-none-eabi/lib/armv7-m\libg_nano.a(lib_a-strcpy.o)
 .debug_frame   0x00002cb0       0x20 c:/program files (x86)/cypress/psoc creator/3.3/psoc creator/import/gnu/arm/4.9.3/bin/../lib/gcc/arm-none-eabi/4.9.3/../../../../arm-none-eabi/lib/armv7-m\libg_nano.a(lib_a-strlen.o)
 .debug_frame   0x00002cd0       0x2c c:/program files (x86)/cypress/psoc creator/3.3/psoc creator/import/gnu/arm/4.9.3/bin/../lib/gcc/arm-none-eabi/4.9.3/../../../../arm-none-eabi/lib/armv7-m\libg_nano.a(lib_a-strncmp.o)
 .debug_frame   0x00002cfc       0x2c c:/program files (x86)/cypress/psoc creator/3.3/psoc creator/import/gnu/arm/4.9.3/bin/../lib/gcc/arm-none-eabi/4.9.3/../../../../arm-none-eabi/lib/armv7-m\libg_nano.a(lib_a-writer.o)
 .debug_frame   0x00002d28       0x2c c:/program files (x86)/cypress/psoc creator/3.3/psoc creator/import/gnu/arm/4.9.3/bin/../lib/gcc/arm-none-eabi/4.9.3/../../../../arm-none-eabi/lib/armv7-m\libg_nano.a(lib_a-closer.o)
 .debug_frame   0x00002d54       0x2c c:/program files (x86)/cypress/psoc creator/3.3/psoc creator/import/gnu/arm/4.9.3/bin/../lib/gcc/arm-none-eabi/4.9.3/../../../../arm-none-eabi/lib/armv7-m\libg_nano.a(lib_a-lseekr.o)
 .debug_frame   0x00002d80       0x8c c:/program files (x86)/cypress/psoc creator/3.3/psoc creator/import/gnu/arm/4.9.3/bin/../lib/gcc/arm-none-eabi/4.9.3/../../../../arm-none-eabi/lib/armv7-m\libg_nano.a(lib_a-nano-svfprintf.o)
 .debug_frame   0x00002e0c       0x70 c:/program files (x86)/cypress/psoc creator/3.3/psoc creator/import/gnu/arm/4.9.3/bin/../lib/gcc/arm-none-eabi/4.9.3/../../../../arm-none-eabi/lib/armv7-m\libg_nano.a(lib_a-nano-svfscanf.o)
 .debug_frame   0x00002e7c       0x58 c:/program files (x86)/cypress/psoc creator/3.3/psoc creator/import/gnu/arm/4.9.3/bin/../lib/gcc/arm-none-eabi/4.9.3/../../../../arm-none-eabi/lib/armv7-m\libg_nano.a(lib_a-nano-vfprintf_i.o)
 .debug_frame   0x00002ed4       0x5c c:/program files (x86)/cypress/psoc creator/3.3/psoc creator/import/gnu/arm/4.9.3/bin/../lib/gcc/arm-none-eabi/4.9.3/../../../../arm-none-eabi/lib/armv7-m\libg_nano.a(lib_a-nano-vfscanf_i.o)
 .debug_frame   0x00002f30       0x2c c:/program files (x86)/cypress/psoc creator/3.3/psoc creator/import/gnu/arm/4.9.3/bin/../lib/gcc/arm-none-eabi/4.9.3/../../../../arm-none-eabi/lib/armv7-m\libg_nano.a(lib_a-readr.o)
 .debug_frame   0x00002f5c       0x5c c:/program files (x86)/cypress/psoc creator/3.3/psoc creator/import/gnu/arm/4.9.3/bin/../lib/gcc/arm-none-eabi/4.9.3/../../../../arm-none-eabi/lib/armv7-m\libg_nano.a(lib_a-reent.o)
 .debug_frame   0x00002fb8       0x30 c:/program files (x86)/cypress/psoc creator/3.3/psoc creator/import/gnu/arm/4.9.3/bin/../lib/gcc/arm-none-eabi/4.9.3/../../../../arm-none-eabi/lib/armv7-m\libg_nano.a(lib_a-sccl.o)
 .debug_frame   0x00002fe8       0x54 c:/program files (x86)/cypress/psoc creator/3.3/psoc creator/import/gnu/arm/4.9.3/bin/../lib/gcc/arm-none-eabi/4.9.3/../../../../arm-none-eabi/lib/armv7-m\libg_nano.a(lib_a-strtol.o)
 .debug_frame   0x0000303c       0x54 c:/program files (x86)/cypress/psoc creator/3.3/psoc creator/import/gnu/arm/4.9.3/bin/../lib/gcc/arm-none-eabi/4.9.3/../../../../arm-none-eabi/lib/armv7-m\libg_nano.a(lib_a-strtoul.o)
 .debug_frame   0x00003090       0x5c c:/program files (x86)/cypress/psoc creator/3.3/psoc creator/import/gnu/arm/4.9.3/bin/../lib/gcc/arm-none-eabi/4.9.3/../../../../arm-none-eabi/lib/armv7-m\libg_nano.a(lib_a-ungetc.o)
 .debug_frame   0x000030ec       0x68 c:/program files (x86)/cypress/psoc creator/3.3/psoc creator/import/gnu/arm/4.9.3/bin/../lib/gcc/arm-none-eabi/4.9.3/../../../../arm-none-eabi/lib/armv7-m\libg_nano.a(lib_a-fflush.o)
 .debug_frame   0x00003154      0x11c c:/program files (x86)/cypress/psoc creator/3.3/psoc creator/import/gnu/arm/4.9.3/bin/../lib/gcc/arm-none-eabi/4.9.3/../../../../arm-none-eabi/lib/armv7-m\libg_nano.a(lib_a-findfp.o)
 .debug_frame   0x00003270       0x54 c:/program files (x86)/cypress/psoc creator/3.3/psoc creator/import/gnu/arm/4.9.3/bin/../lib/gcc/arm-none-eabi/4.9.3/../../../../arm-none-eabi/lib/armv7-m\libg_nano.a(lib_a-fwalk.o)
 .debug_frame   0x000032c4       0x28 c:/program files (x86)/cypress/psoc creator/3.3/psoc creator/import/gnu/arm/4.9.3/bin/../lib/gcc/arm-none-eabi/4.9.3/../../../../arm-none-eabi/lib/armv7-m\libg_nano.a(lib_a-memchr.o)
 .debug_frame   0x000032ec       0x28 c:/program files (x86)/cypress/psoc creator/3.3/psoc creator/import/gnu/arm/4.9.3/bin/../lib/gcc/arm-none-eabi/4.9.3/../../../../arm-none-eabi/lib/armv7-m\libg_nano.a(lib_a-memmove.o)
 .debug_frame   0x00003314       0x2c c:/program files (x86)/cypress/psoc creator/3.3/psoc creator/import/gnu/arm/4.9.3/bin/../lib/gcc/arm-none-eabi/4.9.3/../../../../arm-none-eabi/lib/armv7-m\libg_nano.a(lib_a-nano-freer.o)
 .debug_frame   0x00003340       0x3c c:/program files (x86)/cypress/psoc creator/3.3/psoc creator/import/gnu/arm/4.9.3/bin/../lib/gcc/arm-none-eabi/4.9.3/../../../../arm-none-eabi/lib/armv7-m\libg_nano.a(lib_a-nano-reallocr.o)
 .debug_frame   0x0000337c       0x20 c:/program files (x86)/cypress/psoc creator/3.3/psoc creator/import/gnu/arm/4.9.3/bin/../lib/gcc/arm-none-eabi/4.9.3/../../../../arm-none-eabi/lib/armv7-m\libg_nano.a(lib_a-nano-msizer.o)
 .debug_frame   0x0000339c       0x20 c:/program files (x86)/cypress/psoc creator/3.3/psoc creator/import/gnu/arm/4.9.3/bin/../lib/gcc/arm-none-eabi/4.9.3/../../../../arm-none-eabi/lib/armv7-m\libnosys.a(close.o)
 .debug_frame   0x000033bc       0x20 c:/program files (x86)/cypress/psoc creator/3.3/psoc creator/import/gnu/arm/4.9.3/bin/../lib/gcc/arm-none-eabi/4.9.3/../../../../arm-none-eabi/lib/armv7-m\libnosys.a(lseek.o)
 .debug_frame   0x000033dc       0x20 c:/program files (x86)/cypress/psoc creator/3.3/psoc creator/import/gnu/arm/4.9.3/bin/../lib/gcc/arm-none-eabi/4.9.3/../../../../arm-none-eabi/lib/armv7-m\libnosys.a(read.o)
 .debug_frame   0x000033fc       0x20 c:/program files (x86)/cypress/psoc creator/3.3/psoc creator/import/gnu/arm/4.9.3/bin/../lib/gcc/arm-none-eabi/4.9.3/../../../../arm-none-eabi/lib/armv7-m\libnosys.a(write.o)

.debug_str      0x00000000     0x375f
 *(.debug_str)
 .debug_str     0x00000000      0x8cc .\CortexM3\ARM_GCC_493\Release\main.o
                                0x975 (size before relaxing)
 .debug_str     0x000008cc       0x7f .\CortexM3\ARM_GCC_493\Release\nmea.o
                                0x346 (size before relaxing)
 .debug_str     0x0000094b       0x31 .\CortexM3\ARM_GCC_493\Release\users.o
                                0x20e (size before relaxing)
 .debug_str     0x0000097c      0x68e .\CortexM3\ARM_GCC_493\Release\Adafruit_RA8875.o
                                0xb7a (size before relaxing)
 .debug_str     0x0000100a        0xd .\CortexM3\ARM_GCC_493\Release\glcdfont.o
                                 0xf8 (size before relaxing)
 .debug_str     0x00001017       0x77 .\CortexM3\ARM_GCC_493\Release\cymetadata.o
                                0x1eb (size before relaxing)
 .debug_str     0x0000108e      0x14c .\CortexM3\ARM_GCC_493\Release\Cm3Start.o
                                0x2ff (size before relaxing)
 .debug_str     0x000011da      0x187 .\CortexM3\ARM_GCC_493\Release\Pinpoint.a(cyfitter_cfg.o)
                                0x343 (size before relaxing)
 .debug_str     0x00001361      0x34f .\CortexM3\ARM_GCC_493\Release\Pinpoint.a(GPS.o)
                                0x54d (size before relaxing)
 .debug_str     0x000016b0       0x49 .\CortexM3\ARM_GCC_493\Release\Pinpoint.a(GPS_INT.o)
                                0x289 (size before relaxing)
 .debug_str     0x000016f9       0x59 .\CortexM3\ARM_GCC_493\Release\Pinpoint.a(GPS_TX.o)
                                0x1e8 (size before relaxing)
 .debug_str     0x00001752      0x248 .\CortexM3\ARM_GCC_493\Release\Pinpoint.a(XB.o)
                                0x54a (size before relaxing)
 .debug_str     0x0000199a       0x34 .\CortexM3\ARM_GCC_493\Release\Pinpoint.a(XB_INT.o)
                                0x266 (size before relaxing)
 .debug_str     0x000019ce       0x4a .\CortexM3\ARM_GCC_493\Release\Pinpoint.a(XB_TX.o)
                                0x1e3 (size before relaxing)
 .debug_str     0x00001a18      0x23f .\CortexM3\ARM_GCC_493\Release\Pinpoint.a(PC.o)
                                0x54a (size before relaxing)
 .debug_str     0x00001c57       0x34 .\CortexM3\ARM_GCC_493\Release\Pinpoint.a(PC_INT.o)
                                0x27c (size before relaxing)
 .debug_str     0x00001c8b       0x4a .\CortexM3\ARM_GCC_493\Release\Pinpoint.a(PC_TX.o)
                                0x1e3 (size before relaxing)
 .debug_str     0x00001cd5      0x177 .\CortexM3\ARM_GCC_493\Release\Pinpoint.a(XB_IntClock.o)
                                0x31f (size before relaxing)
 .debug_str     0x00001e4c      0x126 .\CortexM3\ARM_GCC_493\Release\Pinpoint.a(PC_IntClock.o)
                                0x31f (size before relaxing)
 .debug_str     0x00001f72      0x7c1 .\CortexM3\ARM_GCC_493\Release\Pinpoint.a(CyLib.o)
                                0xa24 (size before relaxing)
 .debug_str     0x00002733      0x35b .\CortexM3\ARM_GCC_493\Release\Pinpoint.a(cyPm.o)
                                0x715 (size before relaxing)
 .debug_str     0x00002a8e      0x10b .\CortexM3\ARM_GCC_493\Release\Pinpoint.a(GPS_CLK.o)
                                0x2ef (size before relaxing)
 .debug_str     0x00002b99      0x1f0 .\CortexM3\ARM_GCC_493\Release\Pinpoint.a(Broadcast_Timer.o)
                                0x3e4 (size before relaxing)
 .debug_str     0x00002d89      0x1aa .\CortexM3\ARM_GCC_493\Release\Pinpoint.a(XB_Location_Broadcast.o)
                                0x37b (size before relaxing)
 .debug_str     0x00002f33      0x10e .\CortexM3\ARM_GCC_493\Release\Pinpoint.a(XB_RX_ISR.o)
                                0x2d3 (size before relaxing)
 .debug_str     0x00003041      0x1ba .\CortexM3\ARM_GCC_493\Release\Pinpoint.a(TFT.o)
                                0x3e3 (size before relaxing)
 .debug_str     0x000031fb      0x130 .\CortexM3\ARM_GCC_493\Release\Pinpoint.a(TFT_IntClock.o)
                                0x32b (size before relaxing)
 .debug_str     0x0000332b       0xf4 .\CortexM3\ARM_GCC_493\Release\Pinpoint.a(TFT_ISR.o)
                                0x2b7 (size before relaxing)
 .debug_str     0x0000341f       0x40 .\CortexM3\ARM_GCC_493\Release\Pinpoint.a(TFT_RST_Control.o)
                                0x1ce (size before relaxing)
 .debug_str     0x0000345f       0xbb .\CortexM3\ARM_GCC_493\Release\Pinpoint.a(TFT_RST_Control_PM.o)
                                0x246 (size before relaxing)
 .debug_str     0x0000351a      0x197 .\CortexM3\ARM_GCC_493\Release\Pinpoint.a(CyFlash.o)
                                0x38f (size before relaxing)
 .debug_str     0x000036b1       0xae .\CortexM3\ARM_GCC_493\Release\Pinpoint.a(CySpc.o)
                                0x31f (size before relaxing)

.debug_loc      0x00000000     0x5db2
 *(.debug_loc)
 .debug_loc     0x00000000       0x50 .\CortexM3\ARM_GCC_493\Release\main.o
 .debug_loc     0x00000050      0xf99 .\CortexM3\ARM_GCC_493\Release\nmea.o
 .debug_loc     0x00000fe9       0xb8 .\CortexM3\ARM_GCC_493\Release\users.o
 .debug_loc     0x000010a1     0x20bd .\CortexM3\ARM_GCC_493\Release\Adafruit_RA8875.o
 .debug_loc     0x0000315e      0x1b4 .\CortexM3\ARM_GCC_493\Release\Cm3Start.o
 .debug_loc     0x00003312      0x2dd .\CortexM3\ARM_GCC_493\Release\Pinpoint.a(cyfitter_cfg.o)
 .debug_loc     0x000035ef      0x37c .\CortexM3\ARM_GCC_493\Release\Pinpoint.a(GPS.o)
 .debug_loc     0x0000396b       0x54 .\CortexM3\ARM_GCC_493\Release\Pinpoint.a(GPS_INT.o)
 .debug_loc     0x000039bf       0x5a .\CortexM3\ARM_GCC_493\Release\Pinpoint.a(GPS_TX.o)
 .debug_loc     0x00003a19      0x37c .\CortexM3\ARM_GCC_493\Release\Pinpoint.a(XB.o)
 .debug_loc     0x00003d95       0x54 .\CortexM3\ARM_GCC_493\Release\Pinpoint.a(XB_INT.o)
 .debug_loc     0x00003de9       0x5a .\CortexM3\ARM_GCC_493\Release\Pinpoint.a(XB_TX.o)
 .debug_loc     0x00003e43      0x37c .\CortexM3\ARM_GCC_493\Release\Pinpoint.a(PC.o)
 .debug_loc     0x000041bf       0x54 .\CortexM3\ARM_GCC_493\Release\Pinpoint.a(PC_INT.o)
 .debug_loc     0x00004213       0x5a .\CortexM3\ARM_GCC_493\Release\Pinpoint.a(PC_TX.o)
 .debug_loc     0x0000426d       0xa6 .\CortexM3\ARM_GCC_493\Release\Pinpoint.a(XB_IntClock.o)
 .debug_loc     0x00004313       0xa6 .\CortexM3\ARM_GCC_493\Release\Pinpoint.a(PC_IntClock.o)
 .debug_loc     0x000043b9      0xa89 .\CortexM3\ARM_GCC_493\Release\Pinpoint.a(CyLib.o)
 .debug_loc     0x00004e42      0x1bd .\CortexM3\ARM_GCC_493\Release\Pinpoint.a(cyPm.o)
 .debug_loc     0x00004fff       0xa6 .\CortexM3\ARM_GCC_493\Release\Pinpoint.a(GPS_CLK.o)
 .debug_loc     0x000050a5       0x13 .\CortexM3\ARM_GCC_493\Release\Pinpoint.a(Broadcast_Timer.o)
 .debug_loc     0x000050b8       0x8d .\CortexM3\ARM_GCC_493\Release\Pinpoint.a(XB_Location_Broadcast.o)
 .debug_loc     0x00005145       0x8d .\CortexM3\ARM_GCC_493\Release\Pinpoint.a(XB_RX_ISR.o)
 .debug_loc     0x000051d2      0x12d .\CortexM3\ARM_GCC_493\Release\Pinpoint.a(TFT.o)
 .debug_loc     0x000052ff       0xa6 .\CortexM3\ARM_GCC_493\Release\Pinpoint.a(TFT_IntClock.o)
 .debug_loc     0x000053a5       0x8d .\CortexM3\ARM_GCC_493\Release\Pinpoint.a(TFT_ISR.o)
 .debug_loc     0x00005432      0x391 .\CortexM3\ARM_GCC_493\Release\Pinpoint.a(CyFlash.o)
 .debug_loc     0x000057c3      0x5ef .\CortexM3\ARM_GCC_493\Release\Pinpoint.a(CySpc.o)

.debug_macinfo
 *(.debug_macinfo)

.debug_ranges   0x00000000     0x12b0
 *(.debug_ranges)
 .debug_ranges  0x00000000       0x58 .\CortexM3\ARM_GCC_493\Release\main.o
 .debug_ranges  0x00000058      0x118 .\CortexM3\ARM_GCC_493\Release\nmea.o
 .debug_ranges  0x00000170       0x18 .\CortexM3\ARM_GCC_493\Release\users.o
 .debug_ranges  0x00000188      0x240 .\CortexM3\ARM_GCC_493\Release\Adafruit_RA8875.o
 .debug_ranges  0x000003c8       0x38 .\CortexM3\ARM_GCC_493\Release\Cm3Start.o
 .debug_ranges  0x00000400       0xd0 .\CortexM3\ARM_GCC_493\Release\Pinpoint.a(cyfitter_cfg.o)
 .debug_ranges  0x000004d0       0xe0 .\CortexM3\ARM_GCC_493\Release\Pinpoint.a(GPS.o)
 .debug_ranges  0x000005b0       0x18 .\CortexM3\ARM_GCC_493\Release\Pinpoint.a(GPS_INT.o)
 .debug_ranges  0x000005c8       0x28 .\CortexM3\ARM_GCC_493\Release\Pinpoint.a(GPS_TX.o)
 .debug_ranges  0x000005f0       0xe0 .\CortexM3\ARM_GCC_493\Release\Pinpoint.a(XB.o)
 .debug_ranges  0x000006d0       0x18 .\CortexM3\ARM_GCC_493\Release\Pinpoint.a(XB_INT.o)
 .debug_ranges  0x000006e8       0x28 .\CortexM3\ARM_GCC_493\Release\Pinpoint.a(XB_TX.o)
 .debug_ranges  0x00000710       0xe0 .\CortexM3\ARM_GCC_493\Release\Pinpoint.a(PC.o)
 .debug_ranges  0x000007f0       0x18 .\CortexM3\ARM_GCC_493\Release\Pinpoint.a(PC_INT.o)
 .debug_ranges  0x00000808       0x28 .\CortexM3\ARM_GCC_493\Release\Pinpoint.a(PC_TX.o)
 .debug_ranges  0x00000830       0xb8 .\CortexM3\ARM_GCC_493\Release\Pinpoint.a(XB_IntClock.o)
 .debug_ranges  0x000008e8       0xb8 .\CortexM3\ARM_GCC_493\Release\Pinpoint.a(PC_IntClock.o)
 .debug_ranges  0x000009a0      0x298 .\CortexM3\ARM_GCC_493\Release\Pinpoint.a(CyLib.o)
 .debug_ranges  0x00000c38       0x90 .\CortexM3\ARM_GCC_493\Release\Pinpoint.a(cyPm.o)
 .debug_ranges  0x00000cc8       0xb8 .\CortexM3\ARM_GCC_493\Release\Pinpoint.a(GPS_CLK.o)
 .debug_ranges  0x00000d80       0x80 .\CortexM3\ARM_GCC_493\Release\Pinpoint.a(Broadcast_Timer.o)
 .debug_ranges  0x00000e00       0xa0 .\CortexM3\ARM_GCC_493\Release\Pinpoint.a(XB_Location_Broadcast.o)
 .debug_ranges  0x00000ea0       0xa0 .\CortexM3\ARM_GCC_493\Release\Pinpoint.a(XB_RX_ISR.o)
 .debug_ranges  0x00000f40       0xf8 .\CortexM3\ARM_GCC_493\Release\Pinpoint.a(TFT.o)
 .debug_ranges  0x00001038       0xb8 .\CortexM3\ARM_GCC_493\Release\Pinpoint.a(TFT_IntClock.o)
 .debug_ranges  0x000010f0       0xa0 .\CortexM3\ARM_GCC_493\Release\Pinpoint.a(TFT_ISR.o)
 .debug_ranges  0x00001190       0x18 .\CortexM3\ARM_GCC_493\Release\Pinpoint.a(TFT_RST_Control.o)
 .debug_ranges  0x000011a8       0x28 .\CortexM3\ARM_GCC_493\Release\Pinpoint.a(TFT_RST_Control_PM.o)
 .debug_ranges  0x000011d0       0x78 .\CortexM3\ARM_GCC_493\Release\Pinpoint.a(CyFlash.o)
 .debug_ranges  0x00001248       0x68 .\CortexM3\ARM_GCC_493\Release\Pinpoint.a(CySpc.o)

.comment        0x00000000       0x70
 .comment       0x00000000       0x70 .\CortexM3\ARM_GCC_493\Release\main.o
                                 0x71 (size before relaxing)
 .comment       0x00000000       0x71 .\CortexM3\ARM_GCC_493\Release\nmea.o
 .comment       0x00000000       0x71 .\CortexM3\ARM_GCC_493\Release\users.o
 .comment       0x00000000       0x71 .\CortexM3\ARM_GCC_493\Release\Adafruit_RA8875.o
 .comment       0x00000000       0x71 .\CortexM3\ARM_GCC_493\Release\glcdfont.o
 .comment       0x00000000       0x71 .\CortexM3\ARM_GCC_493\Release\cymetadata.o
 .comment       0x00000000       0x71 .\CortexM3\ARM_GCC_493\Release\Cm3Start.o
 .comment       0x00000000       0x71 .\CortexM3\ARM_GCC_493\Release\Pinpoint.a(cyfitter_cfg.o)
 .comment       0x00000000       0x71 .\CortexM3\ARM_GCC_493\Release\Pinpoint.a(GPS.o)
 .comment       0x00000000       0x71 .\CortexM3\ARM_GCC_493\Release\Pinpoint.a(GPS_INT.o)
 .comment       0x00000000       0x71 .\CortexM3\ARM_GCC_493\Release\Pinpoint.a(GPS_TX.o)
 .comment       0x00000000       0x71 .\CortexM3\ARM_GCC_493\Release\Pinpoint.a(XB.o)
 .comment       0x00000000       0x71 .\CortexM3\ARM_GCC_493\Release\Pinpoint.a(XB_INT.o)
 .comment       0x00000000       0x71 .\CortexM3\ARM_GCC_493\Release\Pinpoint.a(XB_TX.o)
 .comment       0x00000000       0x71 .\CortexM3\ARM_GCC_493\Release\Pinpoint.a(PC.o)
 .comment       0x00000000       0x71 .\CortexM3\ARM_GCC_493\Release\Pinpoint.a(PC_INT.o)
 .comment       0x00000000       0x71 .\CortexM3\ARM_GCC_493\Release\Pinpoint.a(PC_TX.o)
 .comment       0x00000000       0x71 .\CortexM3\ARM_GCC_493\Release\Pinpoint.a(XB_IntClock.o)
 .comment       0x00000000       0x71 .\CortexM3\ARM_GCC_493\Release\Pinpoint.a(PC_IntClock.o)
 .comment       0x00000000       0x71 .\CortexM3\ARM_GCC_493\Release\Pinpoint.a(CyLib.o)
 .comment       0x00000000       0x71 .\CortexM3\ARM_GCC_493\Release\Pinpoint.a(cyPm.o)
 .comment       0x00000000       0x71 .\CortexM3\ARM_GCC_493\Release\Pinpoint.a(GPS_CLK.o)
 .comment       0x00000000       0x71 .\CortexM3\ARM_GCC_493\Release\Pinpoint.a(Broadcast_Timer.o)
 .comment       0x00000000       0x71 .\CortexM3\ARM_GCC_493\Release\Pinpoint.a(XB_Location_Broadcast.o)
 .comment       0x00000000       0x71 .\CortexM3\ARM_GCC_493\Release\Pinpoint.a(XB_RX_ISR.o)
 .comment       0x00000000       0x71 .\CortexM3\ARM_GCC_493\Release\Pinpoint.a(TFT.o)
 .comment       0x00000000       0x71 .\CortexM3\ARM_GCC_493\Release\Pinpoint.a(TFT_IntClock.o)
 .comment       0x00000000       0x71 .\CortexM3\ARM_GCC_493\Release\Pinpoint.a(TFT_ISR.o)
 .comment       0x00000000       0x71 .\CortexM3\ARM_GCC_493\Release\Pinpoint.a(TFT_RST_Control.o)
 .comment       0x00000000       0x71 .\CortexM3\ARM_GCC_493\Release\Pinpoint.a(TFT_RST_Control_PM.o)
 .comment       0x00000000       0x71 .\CortexM3\ARM_GCC_493\Release\Pinpoint.a(CyFlash.o)
 .comment       0x00000000       0x71 .\CortexM3\ARM_GCC_493\Release\Pinpoint.a(CySpc.o)

.debug_weaknames
 *(.debug_weaknames)

.debug_funcnames
 *(.debug_funcnames)

.debug_typenames
 *(.debug_typenames)

.debug_varnames
 *(.debug_varnames)

.note.gnu.arm.ident
 *(.note.gnu.arm.ident)

.ARM.attributes
                0x00000000       0x29
 *(.ARM.attributes)
 .ARM.attributes
                0x00000000       0x1d c:/program files (x86)/cypress/psoc creator/3.3/psoc creator/import/gnu/arm/4.9.3/bin/../lib/gcc/arm-none-eabi/4.9.3/armv7-m/crti.o
 .ARM.attributes
                0x0000001d       0x2d c:/program files (x86)/cypress/psoc creator/3.3/psoc creator/import/gnu/arm/4.9.3/bin/../lib/gcc/arm-none-eabi/4.9.3/armv7-m/crtbegin.o
 .ARM.attributes
                0x0000004a       0x1b c:/program files (x86)/cypress/psoc creator/3.3/psoc creator/import/gnu/arm/4.9.3/bin/../lib/gcc/arm-none-eabi/4.9.3/../../../../arm-none-eabi/lib/armv7-m/crt0.o
 .ARM.attributes
                0x00000065       0x33 .\CortexM3\ARM_GCC_493\Release\main.o
 .ARM.attributes
                0x00000098       0x33 .\CortexM3\ARM_GCC_493\Release\nmea.o
 .ARM.attributes
                0x000000cb       0x33 .\CortexM3\ARM_GCC_493\Release\users.o
 .ARM.attributes
                0x000000fe       0x33 .\CortexM3\ARM_GCC_493\Release\Adafruit_RA8875.o
 .ARM.attributes
                0x00000131       0x33 .\CortexM3\ARM_GCC_493\Release\glcdfont.o
 .ARM.attributes
                0x00000164       0x33 .\CortexM3\ARM_GCC_493\Release\cymetadata.o
 .ARM.attributes
                0x00000197       0x33 .\CortexM3\ARM_GCC_493\Release\Cm3Start.o
 .ARM.attributes
                0x000001ca       0x33 .\CortexM3\ARM_GCC_493\Release\Pinpoint.a(cyfitter_cfg.o)
 .ARM.attributes
                0x000001fd       0x33 .\CortexM3\ARM_GCC_493\Release\Pinpoint.a(GPS.o)
 .ARM.attributes
                0x00000230       0x33 .\CortexM3\ARM_GCC_493\Release\Pinpoint.a(GPS_INT.o)
 .ARM.attributes
                0x00000263       0x33 .\CortexM3\ARM_GCC_493\Release\Pinpoint.a(GPS_TX.o)
 .ARM.attributes
                0x00000296       0x33 .\CortexM3\ARM_GCC_493\Release\Pinpoint.a(XB.o)
 .ARM.attributes
                0x000002c9       0x33 .\CortexM3\ARM_GCC_493\Release\Pinpoint.a(XB_INT.o)
 .ARM.attributes
                0x000002fc       0x33 .\CortexM3\ARM_GCC_493\Release\Pinpoint.a(XB_TX.o)
 .ARM.attributes
                0x0000032f       0x33 .\CortexM3\ARM_GCC_493\Release\Pinpoint.a(PC.o)
 .ARM.attributes
                0x00000362       0x33 .\CortexM3\ARM_GCC_493\Release\Pinpoint.a(PC_INT.o)
 .ARM.attributes
                0x00000395       0x33 .\CortexM3\ARM_GCC_493\Release\Pinpoint.a(PC_TX.o)
 .ARM.attributes
                0x000003c8       0x33 .\CortexM3\ARM_GCC_493\Release\Pinpoint.a(XB_IntClock.o)
 .ARM.attributes
                0x000003fb       0x33 .\CortexM3\ARM_GCC_493\Release\Pinpoint.a(PC_IntClock.o)
 .ARM.attributes
                0x0000042e       0x21 .\CortexM3\ARM_GCC_493\Release\Pinpoint.a(CyBootAsmGnu.o)
 .ARM.attributes
                0x0000044f       0x33 .\CortexM3\ARM_GCC_493\Release\Pinpoint.a(CyLib.o)
 .ARM.attributes
                0x00000482       0x33 .\CortexM3\ARM_GCC_493\Release\Pinpoint.a(cyPm.o)
 .ARM.attributes
                0x000004b5       0x33 .\CortexM3\ARM_GCC_493\Release\Pinpoint.a(GPS_CLK.o)
 .ARM.attributes
                0x000004e8       0x33 .\CortexM3\ARM_GCC_493\Release\Pinpoint.a(Broadcast_Timer.o)
 .ARM.attributes